Microchip MPLAB XC8 Compiler V3.00

Linker command line:

-W-3 \
  --edf=C:\Program Files\Microchip\xc8\v3.00\pic\dat\20241204225717_en.msgs \
  -cn -h+dist/default/production\lcd.X.production.sym \
  --cmf=dist/default/production\lcd.X.production.cmf -z -Q18F4550 \
  -oC:\Users\Esteban\AppData\Local\Temp\xcAsi8.\driver_tmp_3.o \
  --defsym=__MPLAB_BUILD=1 --fixupoverflow=error \
  -Mdist/default/production/lcd.X.production.map \
  --md=C:\Users\Esteban\AppData\Local\Temp\xcAsi8.\driver_tmp_0.dat -E1 \
  -ver=XC8 Compiler -ACODE=00h-07FFFh -ACONST=00h-07FFFh \
  -ASMALLCONST=0800h-08FFhx120 -AMEDIUMCONST=0800h-07FFFh -ACOMRAM=01h-05Fh \
  -AABS1=00h-07FFh -ABIGRAM=01h-07FFh -ARAM=060h-0FFh,0100h-01FFhx7 \
  -ABANK0=060h-0FFh -ABANK1=0100h-01FFh -ABANK2=0200h-02FFh \
  -ABANK3=0300h-03FFh -ABANK4=0400h-04FFh -ABANK5=0500h-05FFh \
  -ABANK6=0600h-06FFh -ABANK7=0700h-07FFh -ASFR=0F60h-0FFFh \
  -ABIGSFR=0F60h-0FFFh -ACONFIG=0300000h-030000Dh -AIDLOC=0200000h-0200007h \
  -AEEDATA=0F00000h-0F000FFh -peeprom_data=EEDATA \
  -preset_vec=00h,intcode=8h,intcodelo=18h,sivt_lo,sivt_hi=CODE \
  -ppowerup=CODE,init -pramtop=0800h -psmallconst=SMALLCONST \
  -pmediumconst=MEDIUMCONST -pconst=CONST -AFARRAM=00h-00h \
  -prdata=COMRAM,nvrram=COMRAM,nvbit=COMRAM,rbss=COMRAM,rbit=COMRAM \
  -pfarbss=FARRAM,fardata=FARRAM,nvFARRAM=FARRAM \
  -pintsave_regs=BIGRAM,bigbss=BIGRAM,bigdata=BIGRAM -pbss=RAM \
  -pidata=CODE,irdata=CODE,ibigdata=CODE,ifardata=CODE -prparam=COMRAM \
  C:\Users\Esteban\AppData\Local\Temp\xcAsi8.\driver_tmp_9.o \
  dist/default/production\lcd.X.production.o 

Object code version is 3.11

Machine type is 18F4550



                Name                               Link     Load   Length Selector   Space Scale
C:\Users\Esteban\AppData\Local\Temp\xcAsi8.\driver_tmp_9.o
                idloc                            200000   200000        8        0       5
                config                           300000   300000        E        0       4
                init                               7FFC     7FFC        4     3FFE       0
                reset_vec                             0        0        4        0       0
dist/default/production\lcd.X.production.o
                idloc                            200000   200000        8        0       5
                config                           300000   300000        E        0       4
                smallconst                          800      800       1A      400       0
                text8                               9D4      9D4       16      40D       0
                text7                               81A      81A       74      40D       0
                text6                               978      978       26      40D       0
                text5                               9BC      9BC       18      40D       0
                text4                               88E      88E       64      40D       0
                text3                               94E      94E       2A      40D       0
                text2                               99E      99E       1E      40D       0
                text1                               922      922       2C      40D       0
                text0                               8F2      8F2       30      40D       0
                cstackCOMRAM                          1        1        7        1       1
                cinit                               9EA      9EA        E      40D       0

TOTAL           Name                               Link     Load   Length     Space
        CLASS   CODE           
                init                               7FFC     7FFC        4         0
                reset_vec                             0        0        4         0
                text8                               9D4      9D4       16         0
                text7                               81A      81A       74         0
                text6                               978      978       26         0
                text5                               9BC      9BC       18         0
                text4                               88E      88E       64         0
                text3                               94E      94E       2A         0
                text2                               99E      99E       1E         0
                text1                               922      922       2C         0
                text0                               8F2      8F2       30         0
                cinit                               9EA      9EA        E         0

        CLASS   CONST          

        CLASS   SMALLCONST     
                smallconst                          800      800       1A         0

        CLASS   MEDIUMCONST    

        CLASS   COMRAM         
                cstackCOMRAM                          1        1        7         1

        CLASS   ABS1           

        CLASS   BIGRAM         

        CLASS   RAM            

        CLASS   BANK0          

        CLASS   BANK1          

        CLASS   BANK2          

        CLASS   BANK3          

        CLASS   BANK4          

        CLASS   BANK5          

        CLASS   BANK6          

        CLASS   BANK7          

        CLASS   SFR            

        CLASS   BIGSFR         

        CLASS   CONFIG         
                config                           300000   300000        E         4

        CLASS   IDLOC          
                idloc                            200000   200000        8         5

        CLASS   EEDATA         

        CLASS   FARRAM         

        CLASS   HEAP           

        CLASS   STACK          



SEGMENTS        Name                           Load    Length   Top    Selector   Space  Class

                reset_vec                      000000  000004  000004         0       0  CODE    
                cstackCOMRAM                   000001  000007  000008         1       1  COMRAM  
                smallconst                     000800  00001A  00081A       400       0  SMALLCON
                text7                          00081A  0001DE  0009F8       40D       0  CODE    
                init                           007FFC  000004  008000      3FFE       0  CODE    


UNUSED ADDRESS RANGES

        Name                Unused          Largest block    Delta
        BANK0            000060-0000FF               A0
        BANK1            000100-0001FF              100
        BANK2            000200-0002FF              100
        BANK3            000300-0003FF              100
        BANK4            000400-0004FF              100
        BANK5            000500-0005FF              100
        BANK6            000600-0006FF              100
        BANK7            000700-0007FF              100
        BIGRAM           000008-0007FF              7F8
        BIGSFR           000F60-000FFF               A0
        CODE             000004-0007FF              7FC
                         0009F8-007FFB             7604
        COMRAM           000008-00005F               58
        CONST            000004-0007FF              7FC
                         0009F8-007FFB             7604
        EEDATA           F00000-F000FF              100
        MEDIUMCONST      0009F8-007FFB             7604
        RAM              000060-0007FF              100
        SFR              000F60-000FFF               A0
        SMALLCONST       0009F8-007FFB              100

                                  Symbol Table

Lcd_Cmd@cmd               cstackCOMRAM 000004
Lcd_Send_Nibble@data      cstackCOMRAM 000002
Lcd_Set_Cursor@address    cstackCOMRAM 000007
Lcd_Set_Cursor@col        cstackCOMRAM 000005
Lcd_Set_Cursor@row        cstackCOMRAM 000006
Lcd_Write_Char@data       cstackCOMRAM 000003
Lcd_Write_String@str      cstackCOMRAM 000004
_Lcd_Clear                text5        0009BC
_Lcd_Cmd                  text6        000978
_Lcd_Init                 text4        00088E
_Lcd_Pulse_EN             text8        0009D4
_Lcd_Send_Nibble          text7        00081A
_Lcd_Set_Cursor           text3        00094E
_Lcd_Write_Char           text2        00099E
_Lcd_Write_String         text1        000922
_PORTAbits                (abs)        000F80
_PORTBbits                (abs)        000F81
_TRISAbits                (abs)        000F92
_TRISBbits                (abs)        000F93
__HRAM                    (abs)        000000
__H__absolute__           __absolute__ 000000
__Habs1                   abs1         000000
__Hbank0                  bank0        000000
__Hbank1                  bank1        000000
__Hbank2                  bank2        000000
__Hbank3                  bank3        000000
__Hbank4                  bank4        000000
__Hbank5                  bank5        000000
__Hbank6                  bank6        000000
__Hbank7                  bank7        000000
__Hbigbss                 bigbss       000000
__Hbigdata                bigdata      000000
__Hbigram                 bigram       000000
__Hbigsfr                 bigsfr       000000
__Hbss                    bss          000000
__Hcinit                  cinit        000000
__Hclrtext                clrtext      000000
__Hcomram                 comram       000000
__Hconfig                 config       30000E
__Hconst                  const        000000
__HcstackCOMRAM           cstackCOMRAM 000000
__Hdata                   data         000000
__Heeprom_data            eeprom_data  000000
__Hfarbss                 farbss       000000
__Hfardata                fardata      000000
__Hheap                   heap         000000
__Hibigdata               ibigdata     000000
__Hidata                  idata        000000
__Hidloc                  idloc        200008
__Hifardata               ifardata     000000
__Hinit                   init         008000
__Hintcode                intcode      000008
__Hintcode_body           intcode_body 000000
__Hintcodelo              intcodelo    000018
__Hintentry               intentry     000000
__Hintret                 intret       000000
__Hintsave_regs           intsave_regs 000000
__Hirdata                 irdata       000000
__Hmediumconst            mediumconst  000000
__HnvFARRAM               nvFARRAM     000000
__Hnvbit                  nvbit        000000
__Hnvrram                 nvrram       000000
__Hparam                  rparam       000000
__Hpowerup                powerup      000000
__Hram                    ram          000000
__Hramtop                 ramtop       000800
__Hrbit                   rbit         000000
__Hrbss                   rbss         000000
__Hrdata                  rdata        000000
__Hreset_vec              reset_vec    000004
__Hrparam                 rparam       000000
__Hsfr                    sfr          000000
__Hsivt_hi                sivt_hi      000000
__Hsivt_lo                sivt_lo      000018
__Hsmallconst             smallconst   00081A
__Hspace_0                (abs)        008000
__Hspace_1                (abs)        000008
__Hspace_2                (abs)        000000
__Hspace_4                (abs)        60000E
__Hstack                  stack        000000
__Hstruct                 struct       000000
__Htemp                   temp         000000
__Htext                   text         000000
__Htext0                  text0        000000
__Htext1                  text1        000000
__Htext2                  text2        000000
__Htext3                  text3        000000
__Htext4                  text4        000000
__Htext5                  text5        000000
__Htext6                  text6        000000
__Htext7                  text7        000000
__Htext8                  text8        000000
__LRAM                    (abs)        000001
__L__absolute__           __absolute__ 000000
__Labs1                   abs1         000000
__Lbank0                  bank0        000000
__Lbank1                  bank1        000000
__Lbank2                  bank2        000000
__Lbank3                  bank3        000000
__Lbank4                  bank4        000000
__Lbank5                  bank5        000000
__Lbank6                  bank6        000000
__Lbank7                  bank7        000000
__Lbigbss                 bigbss       000000
__Lbigdata                bigdata      000000
__Lbigram                 bigram       000000
__Lbigsfr                 bigsfr       000000
__Lbss                    bss          000000
__Lcinit                  cinit        000000
__Lclrtext                clrtext      000000
__Lcomram                 comram       000000
__Lconfig                 config       000000
__Lconst                  const        000000
__LcstackCOMRAM           cstackCOMRAM 000000
__Ldata                   data         000000
__Leeprom_data            eeprom_data  000000
__Lfarbss                 farbss       000000
__Lfardata                fardata      000000
__Lheap                   heap         000000
__Libigdata               ibigdata     000000
__Lidata                  idata        000000
__Lidloc                  idloc        000000
__Lifardata               ifardata     000000
__Linit                   init         007FFC
__Lintcode                intcode      000008
__Lintcode_body           intcode_body 000000
__Lintcodelo              intcodelo    000018
__Lintentry               intentry     000000
__Lintret                 intret       000000
__Lintsave_regs           intsave_regs 000000
__Lirdata                 irdata       000000
__Lmediumconst            mediumconst  000000
__LnvFARRAM               nvFARRAM     000000
__Lnvbit                  nvbit        000000
__Lnvrram                 nvrram       000000
__Lparam                  rparam       000000
__Lpowerup                powerup      000000
__Lram                    ram          000000
__Lramtop                 ramtop       000800
__Lrbit                   rbit         000000
__Lrbss                   rbss         000000
__Lrdata                  rdata        000000
__Lreset_vec              reset_vec    000000
__Lrparam                 rparam       000000
__Lsfr                    sfr          000000
__Lsivt_hi                sivt_hi      000000
__Lsivt_lo                sivt_lo      000018
__Lsmallconst             smallconst   000800
__Lspace_0                (abs)        000000
__Lspace_1                (abs)        000000
__Lspace_2                (abs)        000000
__Lspace_4                (abs)        000000
__Lstack                  stack        000000
__Lstruct                 struct       000000
__Ltemp                   temp         000000
__Ltext                   text         000000
__Ltext0                  text0        000000
__Ltext1                  text1        000000
__Ltext2                  text2        000000
__Ltext3                  text3        000000
__Ltext4                  text4        000000
__Ltext5                  text5        000000
__Ltext6                  text6        000000
__Ltext7                  text7        000000
__Ltext8                  text8        000000
__S0                      (abs)        008000
__S1                      (abs)        000008
__S4                      (abs)        000000
__S5                      (abs)        000000
___heap_hi                (abs)        000000
___heap_lo                (abs)        000000
___inthi_sp               stack        000000
___inthi_stack_hi         stack        000000
___inthi_stack_lo         stack        000000
___intlo_sp               stack        000000
___intlo_stack_hi         stack        000000
___intlo_stack_lo         stack        000000
___param_bank             (abs)        000000
___rparam_used            (abs)        000001
___sp                     stack        000000
___stack_hi               stack        000000
___stack_lo               stack        000000
__accesstop               (abs)        000060
__activetblptr            (abs)        000001
__end_of_Lcd_Clear        text5        0009D4
__end_of_Lcd_Cmd          text6        00099E
__end_of_Lcd_Init         text4        0008F2
__end_of_Lcd_Pulse_EN     text8        0009EA
__end_of_Lcd_Send_Nibble  text7        00088E
__end_of_Lcd_Set_Cursor   text3        000978
__end_of_Lcd_Write_Char   text2        0009BC
__end_of_Lcd_Write_String text1        00094E
__end_of__initialization  cinit        0009EA
__end_of_main             text0        000922
__initialization          cinit        0009EA
__mediumconst             smallconst   000800
__pcinit                  cinit        0009EA
__pcstackCOMRAM           cstackCOMRAM 000001
__psmallconst             smallconst   000800
__ptext0                  text0        0008F2
__ptext1                  text1        000922
__ptext2                  text2        00099E
__ptext3                  text3        00094E
__ptext4                  text4        00088E
__ptext5                  text5        0009BC
__ptext6                  text6        000978
__ptext7                  text7        00081A
__ptext8                  text8        0009D4
__ramtop                  ramtop       000800
__smallconst              smallconst   000800
_main                     text0        0008F2
end_of_initialization     cinit        0009EA
intlevel0                 text         000000
intlevel1                 text         000000
intlevel2                 text         000000
intlevel3                 text         000000
isa$std                   (abs)        000001
isa$xinst                 (abs)        000000
stackhi                   (abs)        000000
stacklo                   (abs)        000000
start                     init         007FFC
start_initialization      cinit        0009EA


MODULE INFORMATION

Module		Function		Class		Link	Load	Size
shared
		__initialization		CODE           	09EA	0000	1

shared estimated size: 1

lcd.c
		_Lcd_Write_String		CODE           	0922	0000	44
		_Lcd_Init      		CODE           	088E	0000	100
		_Lcd_Write_Char		CODE           	099E	0000	30
		_Lcd_Cmd       		CODE           	0978	0000	38
		_Lcd_Set_Cursor		CODE           	094E	0000	42
		_Lcd_Clear     		CODE           	09BC	0000	24
		_Lcd_Send_Nibble		CODE           	081A	0000	116
		_Lcd_Pulse_EN  		CODE           	09D4	0000	22

lcd.c estimated size: 416

main.c
		_main          		CODE           	08F2	0000	48

main.c estimated size: 48

