Microchip MPLAB XC8 Compiler V3.00

Linker command line:

-W-3 \
  --edf=C:\Program Files\Microchip\xc8\v3.00\pic\dat\20241204225717_en.msgs \
  -cn -h+dist/default/production\GPS.X.production.sym \
  --cmf=dist/default/production\GPS.X.production.cmf -z -Q18F4550 \
  -oC:\Users\Esteban\AppData\Local\Temp\xcAs7rk.\driver_tmp_3.o \
  --defsym=__MPLAB_BUILD=1 --fixupoverflow=error \
  -Mdist/default/production/GPS.X.production.map \
  --md=C:\Users\Esteban\AppData\Local\Temp\xcAs7rk.\driver_tmp_0.dat -E1 \
  -ver=XC8 Compiler -ACODE=00h-07FFFh -ACONST=00h-07FFFh \
  -ASMALLCONST=0800h-08FFhx120 -AMEDIUMCONST=0800h-07FFFh -ACOMRAM=01h-05Fh \
  -AABS1=00h-07FFh -ABIGRAM=01h-07FFh -ARAM=060h-0FFh,0100h-01FFhx7 \
  -ABANK0=060h-0FFh -ABANK1=0100h-01FFh -ABANK2=0200h-02FFh \
  -ABANK3=0300h-03FFh -ABANK4=0400h-04FFh -ABANK5=0500h-05FFh \
  -ABANK6=0600h-06FFh -ABANK7=0700h-07FFh -ASFR=0F60h-0FFFh \
  -ABIGSFR=0F60h-0FFFh -ACONFIG=0300000h-030000Dh -AIDLOC=0200000h-0200007h \
  -AEEDATA=0F00000h-0F000FFh -peeprom_data=EEDATA \
  -preset_vec=00h,intcode=8h,intcodelo=18h,sivt_lo,sivt_hi=CODE \
  -ppowerup=CODE,init -pramtop=0800h -psmallconst=SMALLCONST \
  -pmediumconst=MEDIUMCONST -pconst=CONST -AFARRAM=00h-00h \
  -prdata=COMRAM,nvrram=COMRAM,nvbit=COMRAM,rbss=COMRAM,rbit=COMRAM \
  -pfarbss=FARRAM,fardata=FARRAM,nvFARRAM=FARRAM \
  -pintsave_regs=BIGRAM,bigbss=BIGRAM,bigdata=BIGRAM -pbss=RAM \
  -pidata=CODE,irdata=CODE,ibigdata=CODE,ifardata=CODE -prparam=COMRAM \
  C:\Users\Esteban\AppData\Local\Temp\xcAs7rk.\driver_tmp_9.o \
  dist/default/production\GPS.X.production.o 

Object code version is 3.11

Machine type is 18F4550



                Name                               Link     Load   Length Selector   Space Scale
C:\Users\Esteban\AppData\Local\Temp\xcAs7rk.\driver_tmp_9.o
                idloc                            200000   200000        8        0       5
                config                           300000   300000        E        0       4
                init                               7FFC     7FFC        4     3FFE       0
                reset_vec                             0        0        4        0       0
dist/default/production\GPS.X.production.o
                idloc                            200000   200000        8        0       5
                config                           300000   300000        E        0       4
                smallconst                          800      800       30      400       0
                text20                             161E     161E       2C      418       0
                text19                             125C     125C       82      418       0
                text18                             11DA     11DA       82      418       0
                text17                             15B8     15B8       34      418       0
                text16                              EE0      EE0      108      418       0
                text15                              FE8      FE8       CE      418       0
                text14                             13BA     13BA       64      418       0
                text13                             1356     1356       64      418       0
                text12                             10B6     10B6       96      418       0
                text11                              B80      B80      234      418       0
                text10                              DB4      DB4      12C      418       0
                text9                              152C     152C       54      418       0
                text8                              1662     1662        8      418       0
                text7                              15EC     15EC       32      418       0
                text6                              14D8     14D8       54      418       0
                text5                              141E     141E       5E      418       0
                text4                              147C     147C       5C      418       0
                text3                              1580     1580       38      418       0
                text2                              12DE     12DE       78      418       0
                text1                              114C     114C       8E      418       0
                text0                               830      830      350      418       0
                cstackCOMRAM                          1        1       1A        1       1
                cstackBANK0                          60       60       68       60       1
                cstackBANK1                         100      100       9C      100       1
                bssBANK1                            19C      19C       37      100       1
                bssCOMRAM                            1B       1B        1        1       1
                cinit                              164A     164A       18      418       0

TOTAL           Name                               Link     Load   Length     Space
        CLASS   CODE           
                init                               7FFC     7FFC        4         0
                reset_vec                             0        0        4         0
                text20                             161E     161E       2C         0
                text19                             125C     125C       82         0
                text18                             11DA     11DA       82         0
                text17                             15B8     15B8       34         0
                text16                              EE0      EE0      108         0
                text15                              FE8      FE8       CE         0
                text14                             13BA     13BA       64         0
                text13                             1356     1356       64         0
                text12                             10B6     10B6       96         0
                text11                              B80      B80      234         0
                text10                              DB4      DB4      12C         0
                text9                              152C     152C       54         0
                text8                              1662     1662        8         0
                text7                              15EC     15EC       32         0
                text6                              14D8     14D8       54         0
                text5                              141E     141E       5E         0
                text4                              147C     147C       5C         0
                text3                              1580     1580       38         0
                text2                              12DE     12DE       78         0
                text1                              114C     114C       8E         0
                text0                               830      830      350         0
                cinit                              164A     164A       18         0

        CLASS   CONST          

        CLASS   SMALLCONST     
                smallconst                          800      800       30         0

        CLASS   MEDIUMCONST    

        CLASS   COMRAM         
                cstackCOMRAM                          1        1       1A         1
                bssCOMRAM                            1B       1B        1         1

        CLASS   ABS1           

        CLASS   BIGRAM         

        CLASS   RAM            

        CLASS   BANK0          
                cstackBANK0                          60       60       68         1

        CLASS   BANK1          
                cstackBANK1                         100      100       9C         1
                bssBANK1                            19C      19C       37         1

        CLASS   BANK2          

        CLASS   BANK3          

        CLASS   BANK4          

        CLASS   BANK5          

        CLASS   BANK6          

        CLASS   BANK7          

        CLASS   SFR            

        CLASS   BIGSFR         

        CLASS   CONFIG         
                config                           300000   300000        E         4

        CLASS   IDLOC          
                idloc                            200000   200000        8         5

        CLASS   EEDATA         

        CLASS   FARRAM         

        CLASS   HEAP           

        CLASS   STACK          



SEGMENTS        Name                           Load    Length   Top    Selector   Space  Class

                reset_vec                      000000  000004  000004         0       0  CODE    
                cstackCOMRAM                   000001  00001B  00001C         1       1  COMRAM  
                cstackBANK0                    000060  000068  0000C8        60       1  BANK0   
                cstackBANK1                    000100  0000D3  0001D3       100       1  BANK1   
                smallconst                     000800  000030  000830       400       0  SMALLCON
                text0                          000830  000E3A  00166A       418       0  CODE    
                init                           007FFC  000004  008000      3FFE       0  CODE    


UNUSED ADDRESS RANGES

        Name                Unused          Largest block    Delta
        BANK0            0000C8-0000FF               38
        BANK1            0001D3-0001FF               2D
        BANK2            000200-0002FF              100
        BANK3            000300-0003FF              100
        BANK4            000400-0004FF              100
        BANK5            000500-0005FF              100
        BANK6            000600-0006FF              100
        BANK7            000700-0007FF              100
        BIGRAM           00001C-00005F               44
                         0000C8-0000FF               38
                         0001D3-0007FF              62D
        BIGSFR           000F60-000FFF               A0
        CODE             000004-0007FF              7FC
                         00166A-007FFB             6992
        COMRAM           00001C-00005F               44
        CONST            000004-0007FF              7FC
                         00166A-007FFB             6992
        EEDATA           F00000-F000FF              100
        MEDIUMCONST      00166A-007FFB             6992
        RAM              0000C8-0000FF               38
                         0001D3-0007FF              100
        SFR              000F60-000FFF               A0
        SMALLCONST       00166A-007FFB              100

                                  Symbol Table

?_strchr                    cstackCOMRAM 000001
?_strcspn                   cstackCOMRAM 000007
?_strlen                    cstackCOMRAM 000001
?_strncmp                   cstackCOMRAM 000001
?_strspn                    cstackCOMRAM 000007
?_strstr                    cstackCOMRAM 000007
GPS_Init@dummy              cstackCOMRAM 000001
GPS_ParseGPRMC@buf          cstackBANK0  000060
GPS_ParseGPRMC@data_valid   cstackBANK0  0000C6
GPS_ParseGPRMC@ew           cstackCOMRAM 000016
GPS_ParseGPRMC@field        cstackBANK0  0000C5
GPS_ParseGPRMC@lat          cstackCOMRAM 000010
GPS_ParseGPRMC@lon          cstackCOMRAM 000014
GPS_ParseGPRMC@msg          cstackCOMRAM 00000E
GPS_ParseGPRMC@ns           cstackCOMRAM 000012
GPS_ParseGPRMC@token        cstackBANK0  0000C7
GPS_ReadSentence@buffer     cstackCOMRAM 000001
GPS_ReadSentence@c          cstackCOMRAM 00000F
GPS_ReadSentence@dummy      cstackCOMRAM 00000B
GPS_ReadSentence@i          cstackCOMRAM 00000D
GPS_ReadSentence@max_len    cstackCOMRAM 000003
GPS_ReadSentence@started    cstackCOMRAM 00000C
GPS_ReadSentence@t          cstackCOMRAM 000009
GPS_ReadSentence@timeout_ms cstackCOMRAM 000005
LCD_Char@dat                cstackCOMRAM 000002
LCD_Command@cmd             cstackCOMRAM 000002
LCD_String@msg              cstackCOMRAM 000003
LCD_String_xy@location      cstackCOMRAM 00000B
LCD_String_xy@msg           cstackCOMRAM 000006
LCD_String_xy@pos           cstackCOMRAM 000005
LCD_String_xy@row           cstackCOMRAM 000008
_BAUDCON                    (abs)        000FB8
_GPS_Init                   text20       00161E
_GPS_ParseGPRMC             text11       000B80
_GPS_ParseGPRMC$296         cstackBANK0  0000C4
_GPS_ReadSentence           text10       000DB4
_LATD                       (abs)        000F8C
_LATD0                      (abs)        007C60
_LATD1                      (abs)        007C61
_LCD_Char                   text6        0014D8
_LCD_Clear                  text8        001662
_LCD_Command                text9        00152C
_LCD_Init                   text7        0015EC
_LCD_String                 text5        00141E
_LCD_String_xy              text4        00147C
_LCD_String_xy$56           cstackCOMRAM 000009
_OSCCON                     (abs)        000FD3
_PIR1bits                   (abs)        000F9E
_RCREG                      (abs)        000FAE
_RCSTA                      (abs)        000FAB
_RCSTAbits                  (abs)        000FAB
_SPBRG                      (abs)        000FAF
_TRISC7                     (abs)        007CA7
_TRISD                      (abs)        000F95
_TXSTA                      (abs)        000FAC
__HRAM                      (abs)        000000
__H__absolute__             __absolute__ 000000
__Habs1                     abs1         000000
__Hbank0                    bank0        000000
__Hbank1                    bank1        000000
__Hbank2                    bank2        000000
__Hbank3                    bank3        000000
__Hbank4                    bank4        000000
__Hbank5                    bank5        000000
__Hbank6                    bank6        000000
__Hbank7                    bank7        000000
__Hbigbss                   bigbss       000000
__Hbigdata                  bigdata      000000
__Hbigram                   bigram       000000
__Hbigsfr                   bigsfr       000000
__Hbss                      bss          000000
__HbssBANK1                 bssBANK1     000000
__HbssCOMRAM                bssCOMRAM    000000
__Hcinit                    cinit        000000
__Hclrtext                  clrtext      000000
__Hcomram                   comram       000000
__Hconfig                   config       30000E
__Hconst                    const        000000
__HcstackBANK0              cstackBANK0  000000
__HcstackBANK1              cstackBANK1  000000
__HcstackCOMRAM             cstackCOMRAM 000000
__Hdata                     data         000000
__Heeprom_data              eeprom_data  000000
__Hfarbss                   farbss       000000
__Hfardata                  fardata      000000
__Hheap                     heap         000000
__Hibigdata                 ibigdata     000000
__Hidata                    idata        000000
__Hidloc                    idloc        200008
__Hifardata                 ifardata     000000
__Hinit                     init         008000
__Hintcode                  intcode      000008
__Hintcode_body             intcode_body 000000
__Hintcodelo                intcodelo    000018
__Hintentry                 intentry     000000
__Hintret                   intret       000000
__Hintsave_regs             intsave_regs 000000
__Hirdata                   irdata       000000
__Hmediumconst              mediumconst  000000
__HnvFARRAM                 nvFARRAM     000000
__Hnvbit                    nvbit        000000
__Hnvrram                   nvrram       000000
__Hparam                    rparam       000000
__Hpowerup                  powerup      000000
__Hram                      ram          000000
__Hramtop                   ramtop       000800
__Hrbit                     rbit         000000
__Hrbss                     rbss         000000
__Hrdata                    rdata        000000
__Hreset_vec                reset_vec    000004
__Hrparam                   rparam       000000
__Hsfr                      sfr          000000
__Hsivt_hi                  sivt_hi      000000
__Hsivt_lo                  sivt_lo      000018
__Hsmallconst               smallconst   000830
__Hspace_0                  (abs)        008000
__Hspace_1                  (abs)        0001D3
__Hspace_2                  (abs)        000000
__Hspace_4                  (abs)        60000E
__Hstack                    stack        000000
__Hstruct                   struct       000000
__Htemp                     temp         000000
__Htext                     text         000000
__Htext0                    text0        000000
__Htext1                    text1        000000
__Htext10                   text10       000000
__Htext11                   text11       000000
__Htext12                   text12       000000
__Htext13                   text13       000000
__Htext14                   text14       000000
__Htext15                   text15       000000
__Htext16                   text16       000000
__Htext17                   text17       000000
__Htext18                   text18       000000
__Htext19                   text19       000000
__Htext2                    text2        000000
__Htext20                   text20       000000
__Htext3                    text3        000000
__Htext4                    text4        000000
__Htext5                    text5        000000
__Htext6                    text6        000000
__Htext7                    text7        000000
__Htext8                    text8        000000
__Htext9                    text9        000000
__LRAM                      (abs)        000001
__L__absolute__             __absolute__ 000000
__Labs1                     abs1         000000
__Lbank0                    bank0        000000
__Lbank1                    bank1        000000
__Lbank2                    bank2        000000
__Lbank3                    bank3        000000
__Lbank4                    bank4        000000
__Lbank5                    bank5        000000
__Lbank6                    bank6        000000
__Lbank7                    bank7        000000
__Lbigbss                   bigbss       000000
__Lbigdata                  bigdata      000000
__Lbigram                   bigram       000000
__Lbigsfr                   bigsfr       000000
__Lbss                      bss          000000
__LbssBANK1                 bssBANK1     000000
__LbssCOMRAM                bssCOMRAM    000000
__Lcinit                    cinit        000000
__Lclrtext                  clrtext      000000
__Lcomram                   comram       000000
__Lconfig                   config       000000
__Lconst                    const        000000
__LcstackBANK0              cstackBANK0  000000
__LcstackBANK1              cstackBANK1  000000
__LcstackCOMRAM             cstackCOMRAM 000000
__Ldata                     data         000000
__Leeprom_data              eeprom_data  000000
__Lfarbss                   farbss       000000
__Lfardata                  fardata      000000
__Lheap                     heap         000000
__Libigdata                 ibigdata     000000
__Lidata                    idata        000000
__Lidloc                    idloc        000000
__Lifardata                 ifardata     000000
__Linit                     init         007FFC
__Lintcode                  intcode      000008
__Lintcode_body             intcode_body 000000
__Lintcodelo                intcodelo    000018
__Lintentry                 intentry     000000
__Lintret                   intret       000000
__Lintsave_regs             intsave_regs 000000
__Lirdata                   irdata       000000
__Lmediumconst              mediumconst  000000
__LnvFARRAM                 nvFARRAM     000000
__Lnvbit                    nvbit        000000
__Lnvrram                   nvrram       000000
__Lparam                    rparam       000000
__Lpowerup                  powerup      000000
__Lram                      ram          000000
__Lramtop                   ramtop       000800
__Lrbit                     rbit         000000
__Lrbss                     rbss         000000
__Lrdata                    rdata        000000
__Lreset_vec                reset_vec    000000
__Lrparam                   rparam       000000
__Lsfr                      sfr          000000
__Lsivt_hi                  sivt_hi      000000
__Lsivt_lo                  sivt_lo      000018
__Lsmallconst               smallconst   000800
__Lspace_0                  (abs)        000000
__Lspace_1                  (abs)        000000
__Lspace_2                  (abs)        000000
__Lspace_4                  (abs)        000000
__Lstack                    stack        000000
__Lstruct                   struct       000000
__Ltemp                     temp         000000
__Ltext                     text         000000
__Ltext0                    text0        000000
__Ltext1                    text1        000000
__Ltext10                   text10       000000
__Ltext11                   text11       000000
__Ltext12                   text12       000000
__Ltext13                   text13       000000
__Ltext14                   text14       000000
__Ltext15                   text15       000000
__Ltext16                   text16       000000
__Ltext17                   text17       000000
__Ltext18                   text18       000000
__Ltext19                   text19       000000
__Ltext2                    text2        000000
__Ltext20                   text20       000000
__Ltext3                    text3        000000
__Ltext4                    text4        000000
__Ltext5                    text5        000000
__Ltext6                    text6        000000
__Ltext7                    text7        000000
__Ltext8                    text8        000000
__Ltext9                    text9        000000
__S0                        (abs)        008000
__S1                        (abs)        0001D3
__S4                        (abs)        000000
__S5                        (abs)        000000
___heap_hi                  (abs)        000000
___heap_lo                  (abs)        000000
___inthi_sp                 stack        000000
___inthi_stack_hi           stack        000000
___inthi_stack_lo           stack        000000
___intlo_sp                 stack        000000
___intlo_stack_hi           stack        000000
___intlo_stack_lo           stack        000000
___param_bank               (abs)        000000
___rparam_used              (abs)        000001
___sp                       stack        000000
___stack_hi                 stack        000000
___stack_lo                 stack        000000
__accesstop                 (abs)        000060
__activetblptr              (abs)        000002
__end_of_GPS_Init           text20       00164A
__end_of_GPS_ParseGPRMC     text11       000DB4
__end_of_GPS_ReadSentence   text10       000EE0
__end_of_LCD_Char           text6        00152C
__end_of_LCD_Clear          text8        00166A
__end_of_LCD_Command        text9        001580
__end_of_LCD_Init           text7        00161E
__end_of_LCD_String         text5        00147C
__end_of_LCD_String_xy      text4        0014D8
__end_of__initialization    cinit        001658
__end_of_main               text0        000B80
__end_of_memset             text3        0015B8
__end_of_strcat             text2        001356
__end_of_strchr             text18       00125C
__end_of_strcspn            text14       00141E
__end_of_strlen             text17       0015EC
__end_of_strncat            text1        0011DA
__end_of_strncmp            text16       000FE8
__end_of_strncpy            text19       0012DE
__end_of_strspn             text13       0013BA
__end_of_strstr             text15       0010B6
__end_of_strtok             text12       00114C
__initialization            cinit        00164A
__mediumconst               smallconst   000800
__pbssBANK1                 bssBANK1     00019C
__pbssCOMRAM                bssCOMRAM    00001B
__pcinit                    cinit        00164A
__pcstackBANK0              cstackBANK0  000060
__pcstackBANK1              cstackBANK1  000100
__pcstackCOMRAM             cstackCOMRAM 000001
__psmallconst               smallconst   000800
__ptext0                    text0        000830
__ptext1                    text1        00114C
__ptext10                   text10       000DB4
__ptext11                   text11       000B80
__ptext12                   text12       0010B6
__ptext13                   text13       001356
__ptext14                   text14       0013BA
__ptext15                   text15       000FE8
__ptext16                   text16       000EE0
__ptext17                   text17       0015B8
__ptext18                   text18       0011DA
__ptext19                   text19       00125C
__ptext2                    text2        0012DE
__ptext20                   text20       00161E
__ptext3                    text3        001580
__ptext4                    text4        00147C
__ptext5                    text5        00141E
__ptext6                    text6        0014D8
__ptext7                    text7        0015EC
__ptext8                    text8        001662
__ptext9                    text9        00152C
__ramtop                    ramtop       000800
__smallconst                smallconst   000800
_main                       text0        000830
_memset                     text3        001580
_strcat                     text2        0012DE
_strchr                     text18       0011DA
_strcspn                    text14       0013BA
_strlen                     text17       0015B8
_strncat                    text1        00114C
_strncmp                    text16       000EE0
_strncpy                    text19       00125C
_strspn                     text13       001356
_strstr                     text15       000FE8
_strtok                     text12       0010B6
end_of_initialization       cinit        001658
intlevel0                   text         000000
intlevel1                   text         000000
intlevel2                   text         000000
intlevel3                   text         000000
isa$std                     (abs)        000001
isa$xinst                   (abs)        000000
main@buffer                 cstackBANK1  000100
main@ew                     cstackBANK1  00019A
main@formatted_lat          cstackBANK1  00016F
main@formatted_lon          cstackBANK1  00017E
main@last_valid             cstackBANK1  000197
main@lat                    cstackBANK1  00018D
main@lon                    cstackBANK1  000164
main@ns                     cstackBANK1  000198
memset@c                    cstackCOMRAM 000003
memset@dest                 cstackCOMRAM 000001
memset@n                    cstackCOMRAM 000005
memset@p                    cstackCOMRAM 000007
stackhi                     (abs)        000000
stacklo                     (abs)        000000
start                       init         007FFC
start_initialization        cinit        00164A
strcat@dest                 cstackCOMRAM 000001
strcat@i                    cstackCOMRAM 000005
strcat@src                  cstackCOMRAM 000003
strchr@c                    cstackCOMRAM 000003
strchr@s                    cstackCOMRAM 000001
strcspn@c                   cstackCOMRAM 000008
strcspn@i                   cstackCOMRAM 00000A
strcspn@s                   cstackCOMRAM 000007
strlen@a                    cstackCOMRAM 000003
strlen@s                    cstackCOMRAM 000001
strncat@cp                  cstackCOMRAM 000007
strncat@dest                cstackCOMRAM 000001
strncat@n                   cstackCOMRAM 000005
strncat@src                 cstackCOMRAM 000003
strncmp@l                   cstackCOMRAM 000001
strncmp@n                   cstackCOMRAM 000004
strncmp@r                   cstackCOMRAM 000003
strncpy@cp                  cstackCOMRAM 000007
strncpy@d                   cstackCOMRAM 000001
strncpy@n                   cstackCOMRAM 000005
strncpy@s                   cstackCOMRAM 000003
strspn@c                    cstackCOMRAM 000008
strspn@i                    cstackCOMRAM 00000A
strspn@s                    cstackCOMRAM 000007
strstr@h                    cstackCOMRAM 000007
strstr@n                    cstackCOMRAM 000009
strstr@nl                   cstackCOMRAM 00000A
strtok@p                    bssCOMRAM    00001B
strtok@s                    cstackCOMRAM 00000C
strtok@sep                  cstackCOMRAM 00000D


MODULE INFORMATION

Module		Function		Class		Link	Load	Size
C:\Program Files\Microchip\xc8\v3.00\pic\sources\c99\common\strspn.c
		_strspn        		CODE           	1356	0000	100

C:\Program Files\Microchip\xc8\v3.00\pic\sources\c99\common\strspn.c estimated size: 100

C:\Program Files\Microchip\xc8\v3.00\pic\sources\c99\common\strstr.c
		_strstr        		CODE           	0FE8	0000	206

C:\Program Files\Microchip\xc8\v3.00\pic\sources\c99\common\strstr.c estimated size: 206

C:\Program Files\Microchip\xc8\v3.00\pic\sources\c99\common\strncat.c
		_strncat       		CODE           	114C	0000	142

C:\Program Files\Microchip\xc8\v3.00\pic\sources\c99\common\strncat.c estimated size: 142

C:\Program Files\Microchip\xc8\v3.00\pic\sources\c99\common\strtok.c
		_strtok        		CODE           	10B6	0000	150

C:\Program Files\Microchip\xc8\v3.00\pic\sources\c99\common\strtok.c estimated size: 150

C:\Program Files\Microchip\xc8\v3.00\pic\sources\c99\common\strncmp.c
		_strncmp       		CODE           	0EE0	0000	264

C:\Program Files\Microchip\xc8\v3.00\pic\sources\c99\common\strncmp.c estimated size: 264

C:\Program Files\Microchip\xc8\v3.00\pic\sources\c99\common\strncpy.c
		_strncpy       		CODE           	125C	0000	130

C:\Program Files\Microchip\xc8\v3.00\pic\sources\c99\common\strncpy.c estimated size: 130

C:\Program Files\Microchip\xc8\v3.00\pic\sources\c99\common\strcat.c
		_strcat        		CODE           	12DE	0000	120

C:\Program Files\Microchip\xc8\v3.00\pic\sources\c99\common\strcat.c estimated size: 120

shared
		__initialization		CODE           	164A	0000	14

shared estimated size: 14

GPS.c
		_GPS_ParseGPRMC		CODE           	0B80	0000	564
		_GPS_Init      		CODE           	161E	0000	44
		_GPS_ReadSentence		CODE           	0DB4	0000	300

GPS.c estimated size: 908

C:\Program Files\Microchip\xc8\v3.00\pic\sources\c99\common\strlen.c
		_strlen        		CODE           	15B8	0000	52

C:\Program Files\Microchip\xc8\v3.00\pic\sources\c99\common\strlen.c estimated size: 52

C:\Program Files\Microchip\xc8\v3.00\pic\sources\c99\common\strchr.c
		_strchr        		CODE           	11DA	0000	130

C:\Program Files\Microchip\xc8\v3.00\pic\sources\c99\common\strchr.c estimated size: 130

C:\Program Files\Microchip\xc8\v3.00\pic\sources\c99\common\memset.c
		_memset        		CODE           	1580	0000	56

C:\Program Files\Microchip\xc8\v3.00\pic\sources\c99\common\memset.c estimated size: 56

C:\Program Files\Microchip\xc8\v3.00\pic\sources\c99\common\strcspn.c
		_strcspn       		CODE           	13BA	0000	100

C:\Program Files\Microchip\xc8\v3.00\pic\sources\c99\common\strcspn.c estimated size: 100

main.c
		_main          		CODE           	0830	0000	848

main.c estimated size: 848

LCD.c
		_LCD_String    		CODE           	141E	0000	94
		_LCD_Init      		CODE           	15EC	0000	50
		_LCD_Command   		CODE           	152C	0000	84
		_LCD_String_xy 		CODE           	147C	0000	92
		_LCD_Char      		CODE           	14D8	0000	84
		_LCD_Clear     		CODE           	1662	0000	8

LCD.c estimated size: 412

