Microchip MPLAB XC8 Compiler V3.00

Linker command line:

-W-3 \
  --edf=C:\Program Files\Microchip\xc8\v3.00\pic\dat\20241204225717_en.msgs \
  -cn -h+dist/default/production\Estacion.X.production.sym \
  --cmf=dist/default/production\Estacion.X.production.cmf -z -Q18F4550 \
  -oC:\Users\Esteban\AppData\Local\Temp\xcAsijc.\driver_tmp_3.o \
  --defsym=__MPLAB_BUILD=1 --fixupoverflow=error \
  -Mdist/default/production/Estacion.X.production.map \
  --md=C:\Users\Esteban\AppData\Local\Temp\xcAsijc.\driver_tmp_0.dat -E1 \
  -ver=XC8 Compiler -ACODE=00h-07FFFh -ACONST=00h-07FFFh \
  -ASMALLCONST=0800h-08FFhx120 -AMEDIUMCONST=0800h-07FFFh -ACOMRAM=01h-05Fh \
  -AABS1=00h-07FFh -ABIGRAM=01h-07FFh -ARAM=060h-0FFh,0100h-01FFhx7 \
  -ABANK0=060h-0FFh -ABANK1=0100h-01FFh -ABANK2=0200h-02FFh \
  -ABANK3=0300h-03FFh -ABANK4=0400h-04FFh -ABANK5=0500h-05FFh \
  -ABANK6=0600h-06FFh -ABANK7=0700h-07FFh -ASFR=0F60h-0FFFh \
  -ABIGSFR=0F60h-0FFFh -ACONFIG=0300000h-030000Dh -AIDLOC=0200000h-0200007h \
  -AEEDATA=0F00000h-0F000FFh -peeprom_data=EEDATA \
  -preset_vec=00h,intcode=8h,intcodelo=18h,sivt_lo,sivt_hi=CODE \
  -ppowerup=CODE,init -pramtop=0800h -psmallconst=SMALLCONST \
  -pmediumconst=MEDIUMCONST -pconst=CONST -AFARRAM=00h-00h \
  -prdata=COMRAM,nvrram=COMRAM,nvbit=COMRAM,rbss=COMRAM,rbit=COMRAM \
  -pfarbss=FARRAM,fardata=FARRAM,nvFARRAM=FARRAM \
  -pintsave_regs=BIGRAM,bigbss=BIGRAM,bigdata=BIGRAM -pbss=RAM \
  -pidata=CODE,irdata=CODE,ibigdata=CODE,ifardata=CODE -prparam=COMRAM \
  C:\Users\Esteban\AppData\Local\Temp\xcAsijc.\driver_tmp_14.o \
  dist/default/production\Estacion.X.production.o 

Object code version is 3.11

Machine type is 18F4550



                Name                               Link     Load   Length Selector   Space Scale
C:\Users\Esteban\AppData\Local\Temp\xcAsijc.\driver_tmp_14.o
                idloc                            200000   200000        8        0       5
                config                           300000   300000        E        0       4
                init                               7FFC     7FFC        4     3FFE       0
                reset_vec                             0        0        4        0       0
dist/default/production\Estacion.X.production.o
                idloc                            200000   200000        8        0       5
                config                           300000   300000        E        0       4
                smallconst                          800      800       B8      400       0
                text47                             1F80     1F80       54      45C       0
                text46                             1F2C     1F2C       54      45C       0
                text45                             1E1A     1E1A       5E      45C       0
                text44                             1E78     1E78       5C      45C       0
                text43                             21F4     21F4       1A      45C       0
                text42                             1FD4     1FD4       52      45C       0
                text41                             14B0     14B0       C2      45C       0
                text40                             1822     1822       A4      45C       0
                text39                             1C7A     1C7A       74      45C       0
                text38                             1DB6     1DB6       64      45C       0
                text37                             2252     2252        2      45C       0
                text36                             16D4     16D4       AA      45C       0
                text35                             2026     2026       40      45C       0
                text34                             195C     195C       92      45C       0
                text33                             1222     1222       E6      45C       0
                text32                              D5C      D5C      196      45C       0
                text31                             2066     2066       3E      45C       0
                text30                             210E     210E       34      45C       0
                text29                             1B80     1B80       82      45C       0
                text28                             1AFE     1AFE       82      45C       0
                text27                             1A7C     1A7C       82      45C       0
                text26                             20DA     20DA       34      45C       0
                text25                             101E     101E      108      45C       0
                text24                             13E2     13E2       CE      45C       0
                text23                             1D52     1D52       64      45C       0
                text22                             1CEE     1CEE       64      45C       0
                text21                             18C6     18C6       96      45C       0
                text20                              B28      B28      234      45C       0
                text19                              EF2      EF2      12C      45C       0
                text18                             1C02     1C02       78      45C       0
                text17                             19EE     19EE       8E      45C       0
                text16                              8B8      8B8      270      45C       0
                text15                             220E     220E       16      45C       0
                text14                             21CE     21CE       26      45C       0
                text13                             20A4     20A4       36      45C       0
                text12                             224A     224A        8      45C       0
                text11                             2242     2242        8      45C       0
                text10                             223A     223A        8      45C       0
                text9                              2224     2224        E      45C       0
                text8                              1308     1308       DA      45C       0
                text7                              1624     1624       B0      45C       0
                text6                              21A2     21A2       2C      45C       0
                text5                              177E     177E       A4      45C       0
                text4                              1ED4     1ED4       58      45C       0
                text3                              2142     2142       32      45C       0
                text2                              2232     2232        8      45C       0
                text1                              1572     1572       B2      45C       0
                text0                              1126     1126       FC      45C       0
                cstackCOMRAM                          1        1       4A        1       1
                cstackBANK0                          60       60       68       60       1
                cstackBANK1                         100      100       A1      100       1
                bssBANK1                            1A1      1A1       35      100       1
                bssBANK0                             C8       C8       2D       60       1
                bssCOMRAM                            4B       4B       11        1       1
                cinit                              2174     2174       2E      45C       0

TOTAL           Name                               Link     Load   Length     Space
        CLASS   CODE           
                init                               7FFC     7FFC        4         0
                reset_vec                             0        0        4         0
                text47                             1F80     1F80       54         0
                text46                             1F2C     1F2C       54         0
                text45                             1E1A     1E1A       5E         0
                text44                             1E78     1E78       5C         0
                text43                             21F4     21F4       1A         0
                text42                             1FD4     1FD4       52         0
                text41                             14B0     14B0       C2         0
                text40                             1822     1822       A4         0
                text39                             1C7A     1C7A       74         0
                text38                             1DB6     1DB6       64         0
                text37                             2252     2252        2         0
                text36                             16D4     16D4       AA         0
                text35                             2026     2026       40         0
                text34                             195C     195C       92         0
                text33                             1222     1222       E6         0
                text32                              D5C      D5C      196         0
                text31                             2066     2066       3E         0
                text30                             210E     210E       34         0
                text29                             1B80     1B80       82         0
                text28                             1AFE     1AFE       82         0
                text27                             1A7C     1A7C       82         0
                text26                             20DA     20DA       34         0
                text25                             101E     101E      108         0
                text24                             13E2     13E2       CE         0
                text23                             1D52     1D52       64         0
                text22                             1CEE     1CEE       64         0
                text21                             18C6     18C6       96         0
                text20                              B28      B28      234         0
                text19                              EF2      EF2      12C         0
                text18                             1C02     1C02       78         0
                text17                             19EE     19EE       8E         0
                text16                              8B8      8B8      270         0
                text15                             220E     220E       16         0
                text14                             21CE     21CE       26         0
                text13                             20A4     20A4       36         0
                text12                             224A     224A        8         0
                text11                             2242     2242        8         0
                text10                             223A     223A        8         0
                text9                              2224     2224        E         0
                text8                              1308     1308       DA         0
                text7                              1624     1624       B0         0
                text6                              21A2     21A2       2C         0
                text5                              177E     177E       A4         0
                text4                              1ED4     1ED4       58         0
                text3                              2142     2142       32         0
                text2                              2232     2232        8         0
                text1                              1572     1572       B2         0
                text0                              1126     1126       FC         0
                cinit                              2174     2174       2E         0

        CLASS   CONST          

        CLASS   SMALLCONST     
                smallconst                          800      800       B8         0

        CLASS   MEDIUMCONST    

        CLASS   COMRAM         
                cstackCOMRAM                          1        1       4A         1
                bssCOMRAM                            4B       4B       11         1

        CLASS   ABS1           

        CLASS   BIGRAM         

        CLASS   RAM            

        CLASS   BANK0          
                cstackBANK0                          60       60       68         1
                bssBANK0                             C8       C8       2D         1

        CLASS   BANK1          
                cstackBANK1                         100      100       A1         1
                bssBANK1                            1A1      1A1       35         1

        CLASS   BANK2          

        CLASS   BANK3          

        CLASS   BANK4          

        CLASS   BANK5          

        CLASS   BANK6          

        CLASS   BANK7          

        CLASS   SFR            

        CLASS   BIGSFR         

        CLASS   CONFIG         
                config                           300000   300000        E         4

        CLASS   IDLOC          
                idloc                            200000   200000        8         5

        CLASS   EEDATA         

        CLASS   FARRAM         

        CLASS   HEAP           

        CLASS   STACK          



SEGMENTS        Name                           Load    Length   Top    Selector   Space  Class

                reset_vec                      000000  000004  000004         0       0  CODE    
                cstackCOMRAM                   000001  00005B  00005C         1       1  COMRAM  
                cstackBANK0                    000060  000095  0000F5        60       1  BANK0   
                cstackBANK1                    000100  0000D6  0001D6       100       1  BANK1   
                smallconst                     000800  0000B8  0008B8       400       0  SMALLCON
                text16                         0008B8  00199C  002254       45C       0  CODE    
                init                           007FFC  000004  008000      3FFE       0  CODE    


UNUSED ADDRESS RANGES

        Name                Unused          Largest block    Delta
        BANK0            0000F5-0000FF                B
        BANK1            0001D6-0001FF               2A
        BANK2            000200-0002FF              100
        BANK3            000300-0003FF              100
        BANK4            000400-0004FF              100
        BANK5            000500-0005FF              100
        BANK6            000600-0006FF              100
        BANK7            000700-0007FF              100
        BIGRAM           00005C-00005F                4
                         0000F5-0000FF                B
                         0001D6-0007FF              62A
        BIGSFR           000F60-000FFF               A0
        CODE             000004-0007FF              7FC
                         002254-007FFB             5DA8
        COMRAM           00005C-00005F                4
        CONST            000004-0007FF              7FC
                         002254-007FFB             5DA8
        EEDATA           F00000-F000FF              100
        MEDIUMCONST      002254-007FFB             5DA8
        RAM              0000F5-0000FF                B
                         0001D6-0007FF              100
        SFR              000F60-000FFF               A0
        SMALLCONST       002254-007FFB              100

                                  Symbol Table

?_I2C_Master_Read                 cstackCOMRAM 000002
?___lldiv                         cstackCOMRAM 000001
?___lwdiv                         cstackCOMRAM 000001
?___lwmod                         cstackCOMRAM 000001
?_read_prec_or_width              cstackCOMRAM 000001
?_sprintf                         cstackCOMRAM 00002C
?_strchr                          cstackCOMRAM 000001
?_strcspn                         cstackCOMRAM 000007
?_strlen                          cstackCOMRAM 000001
?_strncmp                         cstackCOMRAM 000001
?_strspn                          cstackCOMRAM 000007
?_strstr                          cstackCOMRAM 000007
?_vfprintf                        cstackCOMRAM 000028
BCD2DEC@val                       cstackCOMRAM 000002
Clear_Line@line                   cstackCOMRAM 00000C
DHT11_Read@data                   cstackCOMRAM 000009
DHT11_Read@humidity               cstackCOMRAM 000003
DHT11_Read@i                      cstackCOMRAM 00000E
DHT11_Read@temperature            cstackCOMRAM 000004
DHT11_ReadByte@data               cstackCOMRAM 000001
DHT11_ReadByte@i                  cstackCOMRAM 000002
Display_DHT11@hum                 cstackCOMRAM 000040
Display_DHT11@temp                cstackCOMRAM 000041
Display_GPS@buffer                cstackBANK1  000100
Display_GPS@ew                    cstackBANK1  00019D
Display_GPS@formatted_lat         cstackBANK1  000179
Display_GPS@formatted_lon         cstackBANK1  00018A
Display_GPS@i                     cstackBANK1  00019F
Display_GPS@lat                   cstackBANK1  00016F
Display_GPS@lon                   cstackBANK1  000164
Display_GPS@ns                    cstackBANK1  00019B
Display_GPS@valid                 cstackBANK1  0001A0
Display_RTC@cnt                   cstackCOMRAM 000048
Display_RTC@day                   cstackCOMRAM 000045
Display_RTC@h                     cstackCOMRAM 000042
Display_RTC@m                     cstackCOMRAM 000043
Display_RTC@mon                   cstackCOMRAM 000046
Display_RTC@s                     cstackCOMRAM 000044
Display_RTC@year                  cstackCOMRAM 000047
GPS_Init@dummy                    cstackCOMRAM 000001
GPS_ParseGPRMC@buf                cstackBANK0  000060
GPS_ParseGPRMC@data_valid         cstackBANK0  0000C6
GPS_ParseGPRMC@ew                 cstackCOMRAM 000016
GPS_ParseGPRMC@field              cstackBANK0  0000C5
GPS_ParseGPRMC@lat                cstackCOMRAM 000010
GPS_ParseGPRMC@lon                cstackCOMRAM 000014
GPS_ParseGPRMC@msg                cstackCOMRAM 00000E
GPS_ParseGPRMC@ns                 cstackCOMRAM 000012
GPS_ParseGPRMC@token              cstackBANK0  0000C7
GPS_ReadSentence@buffer           cstackCOMRAM 000001
GPS_ReadSentence@c                cstackCOMRAM 00000F
GPS_ReadSentence@dummy            cstackCOMRAM 00000B
GPS_ReadSentence@i                cstackCOMRAM 00000D
GPS_ReadSentence@max_len          cstackCOMRAM 000003
GPS_ReadSentence@started          cstackCOMRAM 00000C
GPS_ReadSentence@t                cstackCOMRAM 000009
GPS_ReadSentence@timeout_ms       cstackCOMRAM 000005
I2C_Master_Init@c                 cstackCOMRAM 00000E
I2C_Master_Read@a                 cstackCOMRAM 000002
I2C_Master_Read@temp              cstackCOMRAM 000004
I2C_Master_Write@d                cstackCOMRAM 000002
LCD_Char@dat                      cstackCOMRAM 000002
LCD_Command@cmd                   cstackCOMRAM 000002
LCD_String@msg                    cstackCOMRAM 000003
LCD_String_xy@location            cstackCOMRAM 00000B
LCD_String_xy@msg                 cstackCOMRAM 000006
LCD_String_xy@pos                 cstackCOMRAM 000005
LCD_String_xy@row                 cstackCOMRAM 000008
RTC_GetDateTime@day               cstackCOMRAM 000009
RTC_GetDateTime@hour              cstackCOMRAM 000006
RTC_GetDateTime@min               cstackCOMRAM 000007
RTC_GetDateTime@month             cstackCOMRAM 00000A
RTC_GetDateTime@sec               cstackCOMRAM 000008
RTC_GetDateTime@year              cstackCOMRAM 00000B
RTC_Init@sec                      cstackCOMRAM 00000E
_ACKDT                            (abs)        007E2D
_ACKEN                            (abs)        007E2C
_ACKSTAT                          (abs)        007E2E
_ADCON1                           (abs)        000FC1
_BAUDCON                          (abs)        000FB8
_BCD2DEC                          text15       00220E
_CMCON                            (abs)        000FB4
_Clear_Line                       text43       0021F4
_DHT11_Read                       text41       0014B0
_DHT11_ReadByte                   text42       001FD4
_Display_DHT11                    text29       001B80
_Display_GPS                      text16       0008B8
_Display_RTC                      text7        001624
_GPS_Init                         text6        0021A2
_GPS_ParseGPRMC                   text20       000B28
_GPS_ParseGPRMC$456               cstackBANK0  0000C4
_GPS_ReadSentence                 text19       000EF2
_I2C_Master_Init                  text4        001ED4
_I2C_Master_Read                  text13       0020A4
_I2C_Master_RepeatedStart         text12       00224A
_I2C_Master_Start                 text11       002242
_I2C_Master_Stop                  text10       00223A
_I2C_Master_Wait                  text14       0021CE
_I2C_Master_Write                 text9        002224
_LATD                             (abs)        000F8C
_LATD0                            (abs)        007C60
_LATD1                            (abs)        007C61
_LCD_Char                         text46       001F2C
_LCD_Clear                        text2        002232
_LCD_Command                      text47       001F80
_LCD_Init                         text3        002142
_LCD_String                       text45       001E1A
_LCD_String_xy                    text44       001E78
_LCD_String_xy$482                cstackCOMRAM 000009
_OSCCON                           (abs)        000FD3
_PEN                              (abs)        007E2A
_PIR1bits                         (abs)        000F9E
_PORTAbits                        (abs)        000F80
_RCEN                             (abs)        007E2B
_RCREG                            (abs)        000FAE
_RCSTA                            (abs)        000FAB
_RCSTAbits                        (abs)        000FAB
_RSEN                             (abs)        007E29
_RTC_GetDateTime                  text8        001308
_RTC_Init                         text1        001572
_SEN                              (abs)        007E28
_SPBRG                            (abs)        000FAF
_SSPADD                           (abs)        000FC8
_SSPBUF                           (abs)        000FC9
_SSPCON1                          (abs)        000FC6
_SSPCON2                          (abs)        000FC5
_SSPSTAT                          (abs)        000FC7
_TRISAbits                        (abs)        000F92
_TRISB0                           (abs)        007C98
_TRISB1                           (abs)        007C99
_TRISC7                           (abs)        007CA7
_TRISD                            (abs)        000F95
_TXSTA                            (abs)        000FAC
__HRAM                            (abs)        000000
__H__absolute__                   __absolute__ 000000
__Habs1                           abs1         000000
__Hbank0                          bank0        000000
__Hbank1                          bank1        000000
__Hbank2                          bank2        000000
__Hbank3                          bank3        000000
__Hbank4                          bank4        000000
__Hbank5                          bank5        000000
__Hbank6                          bank6        000000
__Hbank7                          bank7        000000
__Hbigbss                         bigbss       000000
__Hbigdata                        bigdata      000000
__Hbigram                         bigram       000000
__Hbigsfr                         bigsfr       000000
__Hbss                            bss          000000
__HbssBANK0                       bssBANK0     000000
__HbssBANK1                       bssBANK1     000000
__HbssCOMRAM                      bssCOMRAM    000000
__Hcinit                          cinit        000000
__Hclrtext                        clrtext      000000
__Hcomram                         comram       000000
__Hconfig                         config       30000E
__Hconst                          const        000000
__HcstackBANK0                    cstackBANK0  000000
__HcstackBANK1                    cstackBANK1  000000
__HcstackCOMRAM                   cstackCOMRAM 000000
__Hdata                           data         000000
__Heeprom_data                    eeprom_data  000000
__Hfarbss                         farbss       000000
__Hfardata                        fardata      000000
__Hheap                           heap         000000
__Hibigdata                       ibigdata     000000
__Hidata                          idata        000000
__Hidloc                          idloc        200008
__Hifardata                       ifardata     000000
__Hinit                           init         008000
__Hintcode                        intcode      000008
__Hintcode_body                   intcode_body 000000
__Hintcodelo                      intcodelo    000018
__Hintentry                       intentry     000000
__Hintret                         intret       000000
__Hintsave_regs                   intsave_regs 000000
__Hirdata                         irdata       000000
__Hmediumconst                    mediumconst  000000
__HnvFARRAM                       nvFARRAM     000000
__Hnvbit                          nvbit        000000
__Hnvrram                         nvrram       000000
__Hparam                          rparam       000000
__Hpowerup                        powerup      000000
__Hram                            ram          000000
__Hramtop                         ramtop       000800
__Hrbit                           rbit         000000
__Hrbss                           rbss         000000
__Hrdata                          rdata        000000
__Hreset_vec                      reset_vec    000004
__Hrparam                         rparam       000000
__Hsfr                            sfr          000000
__Hsivt_hi                        sivt_hi      000000
__Hsivt_lo                        sivt_lo      000018
__Hsmallconst                     smallconst   0008B8
__Hspace_0                        (abs)        008000
__Hspace_1                        (abs)        0001D6
__Hspace_2                        (abs)        000000
__Hspace_4                        (abs)        60000E
__Hstack                          stack        000000
__Hstruct                         struct       000000
__Htemp                           temp         000000
__Htext                           text         000000
__Htext0                          text0        000000
__Htext1                          text1        000000
__Htext10                         text10       000000
__Htext11                         text11       000000
__Htext12                         text12       000000
__Htext13                         text13       000000
__Htext14                         text14       000000
__Htext15                         text15       000000
__Htext16                         text16       000000
__Htext17                         text17       000000
__Htext18                         text18       000000
__Htext19                         text19       000000
__Htext2                          text2        000000
__Htext20                         text20       000000
__Htext21                         text21       000000
__Htext22                         text22       000000
__Htext23                         text23       000000
__Htext24                         text24       000000
__Htext25                         text25       000000
__Htext26                         text26       000000
__Htext27                         text27       000000
__Htext28                         text28       000000
__Htext29                         text29       000000
__Htext3                          text3        000000
__Htext30                         text30       000000
__Htext31                         text31       000000
__Htext32                         text32       000000
__Htext33                         text33       000000
__Htext34                         text34       000000
__Htext35                         text35       000000
__Htext36                         text36       000000
__Htext37                         text37       000000
__Htext38                         text38       000000
__Htext39                         text39       000000
__Htext4                          text4        000000
__Htext40                         text40       000000
__Htext41                         text41       000000
__Htext42                         text42       000000
__Htext43                         text43       000000
__Htext44                         text44       000000
__Htext45                         text45       000000
__Htext46                         text46       000000
__Htext47                         text47       000000
__Htext5                          text5        000000
__Htext6                          text6        000000
__Htext7                          text7        000000
__Htext8                          text8        000000
__Htext9                          text9        000000
__LRAM                            (abs)        000001
__L__absolute__                   __absolute__ 000000
__Labs1                           abs1         000000
__Lbank0                          bank0        000000
__Lbank1                          bank1        000000
__Lbank2                          bank2        000000
__Lbank3                          bank3        000000
__Lbank4                          bank4        000000
__Lbank5                          bank5        000000
__Lbank6                          bank6        000000
__Lbank7                          bank7        000000
__Lbigbss                         bigbss       000000
__Lbigdata                        bigdata      000000
__Lbigram                         bigram       000000
__Lbigsfr                         bigsfr       000000
__Lbss                            bss          000000
__LbssBANK0                       bssBANK0     000000
__LbssBANK1                       bssBANK1     000000
__LbssCOMRAM                      bssCOMRAM    000000
__Lcinit                          cinit        000000
__Lclrtext                        clrtext      000000
__Lcomram                         comram       000000
__Lconfig                         config       000000
__Lconst                          const        000000
__LcstackBANK0                    cstackBANK0  000000
__LcstackBANK1                    cstackBANK1  000000
__LcstackCOMRAM                   cstackCOMRAM 000000
__Ldata                           data         000000
__Leeprom_data                    eeprom_data  000000
__Lfarbss                         farbss       000000
__Lfardata                        fardata      000000
__Lheap                           heap         000000
__Libigdata                       ibigdata     000000
__Lidata                          idata        000000
__Lidloc                          idloc        000000
__Lifardata                       ifardata     000000
__Linit                           init         007FFC
__Lintcode                        intcode      000008
__Lintcode_body                   intcode_body 000000
__Lintcodelo                      intcodelo    000018
__Lintentry                       intentry     000000
__Lintret                         intret       000000
__Lintsave_regs                   intsave_regs 000000
__Lirdata                         irdata       000000
__Lmediumconst                    mediumconst  000000
__LnvFARRAM                       nvFARRAM     000000
__Lnvbit                          nvbit        000000
__Lnvrram                         nvrram       000000
__Lparam                          rparam       000000
__Lpowerup                        powerup      000000
__Lram                            ram          000000
__Lramtop                         ramtop       000800
__Lrbit                           rbit         000000
__Lrbss                           rbss         000000
__Lrdata                          rdata        000000
__Lreset_vec                      reset_vec    000000
__Lrparam                         rparam       000000
__Lsfr                            sfr          000000
__Lsivt_hi                        sivt_hi      000000
__Lsivt_lo                        sivt_lo      000018
__Lsmallconst                     smallconst   000800
__Lspace_0                        (abs)        000000
__Lspace_1                        (abs)        000000
__Lspace_2                        (abs)        000000
__Lspace_4                        (abs)        000000
__Lstack                          stack        000000
__Lstruct                         struct       000000
__Ltemp                           temp         000000
__Ltext                           text         000000
__Ltext0                          text0        000000
__Ltext1                          text1        000000
__Ltext10                         text10       000000
__Ltext11                         text11       000000
__Ltext12                         text12       000000
__Ltext13                         text13       000000
__Ltext14                         text14       000000
__Ltext15                         text15       000000
__Ltext16                         text16       000000
__Ltext17                         text17       000000
__Ltext18                         text18       000000
__Ltext19                         text19       000000
__Ltext2                          text2        000000
__Ltext20                         text20       000000
__Ltext21                         text21       000000
__Ltext22                         text22       000000
__Ltext23                         text23       000000
__Ltext24                         text24       000000
__Ltext25                         text25       000000
__Ltext26                         text26       000000
__Ltext27                         text27       000000
__Ltext28                         text28       000000
__Ltext29                         text29       000000
__Ltext3                          text3        000000
__Ltext30                         text30       000000
__Ltext31                         text31       000000
__Ltext32                         text32       000000
__Ltext33                         text33       000000
__Ltext34                         text34       000000
__Ltext35                         text35       000000
__Ltext36                         text36       000000
__Ltext37                         text37       000000
__Ltext38                         text38       000000
__Ltext39                         text39       000000
__Ltext4                          text4        000000
__Ltext40                         text40       000000
__Ltext41                         text41       000000
__Ltext42                         text42       000000
__Ltext43                         text43       000000
__Ltext44                         text44       000000
__Ltext45                         text45       000000
__Ltext46                         text46       000000
__Ltext47                         text47       000000
__Ltext5                          text5        000000
__Ltext6                          text6        000000
__Ltext7                          text7        000000
__Ltext8                          text8        000000
__Ltext9                          text9        000000
__S0                              (abs)        008000
__S1                              (abs)        0001D6
__S4                              (abs)        000000
__S5                              (abs)        000000
___heap_hi                        (abs)        000000
___heap_lo                        (abs)        000000
___inthi_sp                       stack        000000
___inthi_stack_hi                 stack        000000
___inthi_stack_lo                 stack        000000
___intlo_sp                       stack        000000
___intlo_stack_hi                 stack        000000
___intlo_stack_lo                 stack        000000
___lldiv                          text5        00177E
___lldiv@counter                  cstackCOMRAM 00000D
___lldiv@dividend                 cstackCOMRAM 000001
___lldiv@divisor                  cstackCOMRAM 000005
___lldiv@quotient                 cstackCOMRAM 000009
___lwdiv                          text39       001C7A
___lwdiv@counter                  cstackCOMRAM 000007
___lwdiv@dividend                 cstackCOMRAM 000001
___lwdiv@divisor                  cstackCOMRAM 000003
___lwdiv@quotient                 cstackCOMRAM 000005
___lwmod                          text38       001DB6
___lwmod@counter                  cstackCOMRAM 000005
___lwmod@dividend                 cstackCOMRAM 000001
___lwmod@divisor                  cstackCOMRAM 000003
___param_bank                     (abs)        000000
___rparam_used                    (abs)        000001
___sp                             stack        000000
___stack_hi                       stack        000000
___stack_lo                       stack        000000
__accesstop                       (abs)        000060
__activetblptr                    (abs)        000002
__end_of_BCD2DEC                  text15       002224
__end_of_Clear_Line               text43       00220E
__end_of_DHT11_Read               text41       001572
__end_of_DHT11_ReadByte           text42       002026
__end_of_Display_DHT11            text29       001C02
__end_of_Display_GPS              text16       000B28
__end_of_Display_RTC              text7        0016D4
__end_of_GPS_Init                 text6        0021CE
__end_of_GPS_ParseGPRMC           text20       000D5C
__end_of_GPS_ReadSentence         text19       00101E
__end_of_I2C_Master_Init          text4        001F2C
__end_of_I2C_Master_Read          text13       0020DA
__end_of_I2C_Master_RepeatedStart text12       002252
__end_of_I2C_Master_Start         text11       00224A
__end_of_I2C_Master_Stop          text10       002242
__end_of_I2C_Master_Wait          text14       0021F4
__end_of_I2C_Master_Write         text9        002232
__end_of_LCD_Char                 text46       001F80
__end_of_LCD_Clear                text2        00223A
__end_of_LCD_Command              text47       001FD4
__end_of_LCD_Init                 text3        002174
__end_of_LCD_String               text45       001E78
__end_of_LCD_String_xy            text44       001ED4
__end_of_RTC_GetDateTime          text8        0013E2
__end_of_RTC_Init                 text1        001624
__end_of___lldiv                  text5        001822
__end_of___lwdiv                  text39       001CEE
__end_of___lwmod                  text38       001E1A
__end_of__initialization          cinit        002198
__end_of_fputc                    text36       00177E
__end_of_fputs                    text35       002066
__end_of_main                     text0        001222
__end_of_pad                      text34       0019EE
__end_of_putch                    text37       002254
__end_of_read_prec_or_width       text40       0018C6
__end_of_sprintf                  text30       002142
__end_of_strcat                   text18       001C7A
__end_of_strchr                   text27       001AFE
__end_of_strcspn                  text23       001DB6
__end_of_strlen                   text26       00210E
__end_of_strncat                  text17       001A7C
__end_of_strncmp                  text25       001126
__end_of_strncpy                  text28       001B80
__end_of_strspn                   text22       001D52
__end_of_strstr                   text24       0014B0
__end_of_strtok                   text21       00195C
__end_of_utoa                     text33       001308
__end_of_vfpfcnvrt                text32       000EF2
__end_of_vfprintf                 text31       0020A4
__initialization                  cinit        002174
__mediumconst                     smallconst   000800
__pbssBANK0                       bssBANK0     0000C8
__pbssBANK1                       bssBANK1     0001A1
__pbssCOMRAM                      bssCOMRAM    00004B
__pcinit                          cinit        002174
__pcstackBANK0                    cstackBANK0  000060
__pcstackBANK1                    cstackBANK1  000100
__pcstackCOMRAM                   cstackCOMRAM 000001
__psmallconst                     smallconst   000800
__ptext0                          text0        001126
__ptext1                          text1        001572
__ptext10                         text10       00223A
__ptext11                         text11       002242
__ptext12                         text12       00224A
__ptext13                         text13       0020A4
__ptext14                         text14       0021CE
__ptext15                         text15       00220E
__ptext16                         text16       0008B8
__ptext17                         text17       0019EE
__ptext18                         text18       001C02
__ptext19                         text19       000EF2
__ptext2                          text2        002232
__ptext20                         text20       000B28
__ptext21                         text21       0018C6
__ptext22                         text22       001CEE
__ptext23                         text23       001D52
__ptext24                         text24       0013E2
__ptext25                         text25       00101E
__ptext26                         text26       0020DA
__ptext27                         text27       001A7C
__ptext28                         text28       001AFE
__ptext29                         text29       001B80
__ptext3                          text3        002142
__ptext30                         text30       00210E
__ptext31                         text31       002066
__ptext32                         text32       000D5C
__ptext33                         text33       001222
__ptext34                         text34       00195C
__ptext35                         text35       002026
__ptext36                         text36       0016D4
__ptext37                         text37       002252
__ptext38                         text38       001DB6
__ptext39                         text39       001C7A
__ptext4                          text4        001ED4
__ptext40                         text40       001822
__ptext41                         text41       0014B0
__ptext42                         text42       001FD4
__ptext43                         text43       0021F4
__ptext44                         text44       001E78
__ptext45                         text45       001E1A
__ptext46                         text46       001F2C
__ptext47                         text47       001F80
__ptext5                          text5        00177E
__ptext6                          text6        0021A2
__ptext7                          text7        001624
__ptext8                          text8        001308
__ptext9                          text9        002224
__ramtop                          ramtop       000800
__smallconst                      smallconst   000800
_current_display                  bssCOMRAM    00005B
_dbuf                             bssBANK1     0001B6
_flags                            bssCOMRAM    00005A
_fputc                            text36       0016D4
_fputs                            text35       002026
_lcd_buffer                       bssBANK0     0000E4
_main                             text0        001126
_pad                              text34       00195C
_prec                             bssCOMRAM    000057
_putch                            text37       002252
_read_prec_or_width               text40       001822
_sprintf                          text30       00210E
_strcat                           text18       001C02
_strchr                           text27       001A7C
_strcspn                          text23       001D52
_strlen                           text26       0020DA
_strncat                          text17       0019EE
_strncmp                          text25       00101E
_strncpy                          text28       001AFE
_strspn                           text22       001CEE
_strstr                           text24       0013E2
_strtok                           text21       0018C6
_utoa                             text33       001222
_vfpfcnvrt                        text32       000D5C
_vfprintf                         text31       002066
_width                            bssCOMRAM    000055
end_of_initialization             cinit        002198
fputc@c                           cstackCOMRAM 000001
fputc@fp                          cstackCOMRAM 000003
fputs@c                           cstackCOMRAM 00000C
fputs@fp                          cstackCOMRAM 00000B
fputs@i                           cstackCOMRAM 00000D
fputs@s                           cstackCOMRAM 000009
intlevel0                         text         000000
intlevel1                         text         000000
intlevel2                         text         000000
intlevel3                         text         000000
isa$std                           (abs)        000001
isa$xinst                         (abs)        000000
pad@buf                           cstackCOMRAM 000010
pad@fp                            cstackCOMRAM 00000F
pad@i                             cstackCOMRAM 000015
pad@p                             cstackCOMRAM 000012
read_prec_or_width@ap             cstackCOMRAM 000002
read_prec_or_width@c              cstackCOMRAM 000005
read_prec_or_width@fmt            cstackCOMRAM 000001
read_prec_or_width@n              cstackCOMRAM 000006
sprintf@ap                        cstackCOMRAM 000034
sprintf@f                         cstackCOMRAM 000035
sprintf@fmt                       cstackCOMRAM 00002D
sprintf@s                         cstackCOMRAM 00002C
stackhi                           (abs)        000000
stacklo                           (abs)        000000
start                             init         007FFC
start_initialization              cinit        002174
strcat@dest                       cstackCOMRAM 000001
strcat@i                          cstackCOMRAM 000005
strcat@src                        cstackCOMRAM 000003
strchr@c                          cstackCOMRAM 000003
strchr@s                          cstackCOMRAM 000001
strcspn@c                         cstackCOMRAM 000008
strcspn@i                         cstackCOMRAM 00000A
strcspn@s                         cstackCOMRAM 000007
strlen@a                          cstackCOMRAM 000003
strlen@s                          cstackCOMRAM 000001
strncat@cp                        cstackCOMRAM 000007
strncat@dest                      cstackCOMRAM 000001
strncat@n                         cstackCOMRAM 000005
strncat@src                       cstackCOMRAM 000003
strncmp@l                         cstackCOMRAM 000001
strncmp@n                         cstackCOMRAM 000004
strncmp@r                         cstackCOMRAM 000003
strncpy@cp                        cstackCOMRAM 000007
strncpy@d                         cstackCOMRAM 000001
strncpy@n                         cstackCOMRAM 000005
strncpy@s                         cstackCOMRAM 000003
strspn@c                          cstackCOMRAM 000008
strspn@i                          cstackCOMRAM 00000A
strspn@s                          cstackCOMRAM 000007
strstr@h                          cstackCOMRAM 000007
strstr@n                          cstackCOMRAM 000009
strstr@nl                         cstackCOMRAM 00000A
strtok@p                          bssCOMRAM    000059
strtok@s                          cstackCOMRAM 00000C
strtok@sep                        cstackCOMRAM 00000D
utoa@d                            cstackCOMRAM 000018
utoa@fp                           cstackCOMRAM 000017
utoa@i                            cstackCOMRAM 00001D
utoa@p                            cstackCOMRAM 00001A
utoa@w                            cstackCOMRAM 00001B
vfpfcnvrt@ap                      cstackCOMRAM 000021
vfpfcnvrt@convarg                 cstackCOMRAM 000022
vfpfcnvrt@cp                      cstackCOMRAM 000027
vfpfcnvrt@done                    cstackCOMRAM 000026
vfpfcnvrt@fmt                     cstackCOMRAM 000020
vfpfcnvrt@fp                      cstackCOMRAM 00001F
vfprintf@ap                       cstackCOMRAM 00002A
vfprintf@cfmt                     cstackCOMRAM 00002B
vfprintf@fmt                      cstackCOMRAM 000029
vfprintf@fp                       cstackCOMRAM 000028


MODULE INFORMATION

Module		Function		Class		Link	Load	Size
C:\Program Files\Microchip\xc8\v3.00\pic\sources\c99\common\strspn.c
		_strspn        		CODE           	1CEE	0000	100

C:\Program Files\Microchip\xc8\v3.00\pic\sources\c99\common\strspn.c estimated size: 100

C:\Program Files\Microchip\xc8\v3.00\pic\sources\c99\common\nf_fputc.c
		_fputc         		CODE           	16D4	0000	170

C:\Program Files\Microchip\xc8\v3.00\pic\sources\c99\common\nf_fputc.c estimated size: 170

C:\Program Files\Microchip\xc8\v3.00\pic\sources\c99\common\strstr.c
		_strstr        		CODE           	13E2	0000	206

C:\Program Files\Microchip\xc8\v3.00\pic\sources\c99\common\strstr.c estimated size: 206

C:\Program Files\Microchip\xc8\v3.00\pic\sources\c99\common\nf_sprintf.c
		_sprintf       		CODE           	210E	0000	52

C:\Program Files\Microchip\xc8\v3.00\pic\sources\c99\common\nf_sprintf.c estimated size: 52

i2c.c
		_I2C_Master_Read		CODE           	20A4	0000	54
		_I2C_Master_Wait		CODE           	21CE	0000	38
		_I2C_Master_Init		CODE           	1ED4	0000	88
		_I2C_Master_Stop		CODE           	223A	0000	8
		_I2C_Master_RepeatedStart		CODE           	224A	0000	8
		_I2C_Master_Write		CODE           	2224	0000	14
		_I2C_Master_Start		CODE           	2242	0000	8

i2c.c estimated size: 218

C:\Program Files\Microchip\xc8\v3.00\pic\sources\c99\common\strncat.c
		_strncat       		CODE           	19EE	0000	142

C:\Program Files\Microchip\xc8\v3.00\pic\sources\c99\common\strncat.c estimated size: 142

C:\Program Files\Microchip\xc8\v3.00\pic\sources\c99\common\strtok.c
		_strtok        		CODE           	18C6	0000	150

C:\Program Files\Microchip\xc8\v3.00\pic\sources\c99\common\strtok.c estimated size: 150

ds1307.c
		_RTC_GetDateTime		CODE           	1308	0000	218
		_RTC_Init      		CODE           	1572	0000	178
		_BCD2DEC       		CODE           	220E	0000	22

ds1307.c estimated size: 418

C:\Program Files\Microchip\xc8\v3.00\pic\sources\c99\common\lwmod.c
		___lwmod       		CODE           	1DB6	0000	100

C:\Program Files\Microchip\xc8\v3.00\pic\sources\c99\common\lwmod.c estimated size: 100

C:\Program Files\Microchip\xc8\v3.00\pic\sources\c99\common\putch.c
		_putch         		CODE           	2252	0000	2

C:\Program Files\Microchip\xc8\v3.00\pic\sources\c99\common\putch.c estimated size: 2

DHT11.c
		_DHT11_Read    		CODE           	14B0	0000	194
		_DHT11_ReadByte		CODE           	1FD4	0000	82

DHT11.c estimated size: 276

C:\Program Files\Microchip\xc8\v3.00\pic\sources\c99\common\strncmp.c
		_strncmp       		CODE           	101E	0000	264

C:\Program Files\Microchip\xc8\v3.00\pic\sources\c99\common\strncmp.c estimated size: 264

C:\Program Files\Microchip\xc8\v3.00\pic\sources\c99\common\strncpy.c
		_strncpy       		CODE           	1AFE	0000	130

C:\Program Files\Microchip\xc8\v3.00\pic\sources\c99\common\strncpy.c estimated size: 130

C:\Program Files\Microchip\xc8\v3.00\pic\sources\c99\common\__lldiv.c
		___lldiv       		CODE           	177E	0000	164

C:\Program Files\Microchip\xc8\v3.00\pic\sources\c99\common\__lldiv.c estimated size: 164

C:\Program Files\Microchip\xc8\v3.00\pic\sources\c99\common\strcat.c
		_strcat        		CODE           	1C02	0000	120

C:\Program Files\Microchip\xc8\v3.00\pic\sources\c99\common\strcat.c estimated size: 120

shared
		__initialization		CODE           	2174	0000	36

shared estimated size: 36

C:\Program Files\Microchip\xc8\v3.00\pic\sources\c99\common\nf_fputs.c
		_fputs         		CODE           	2026	0000	64

C:\Program Files\Microchip\xc8\v3.00\pic\sources\c99\common\nf_fputs.c estimated size: 64

GPS.c
		_GPS_ParseGPRMC		CODE           	0B28	0000	564
		_GPS_Init      		CODE           	21A2	0000	44
		_GPS_ReadSentence		CODE           	0EF2	0000	300

GPS.c estimated size: 908

C:\Program Files\Microchip\xc8\v3.00\pic\sources\c99\common\strlen.c
		_strlen        		CODE           	20DA	0000	52

C:\Program Files\Microchip\xc8\v3.00\pic\sources\c99\common\strlen.c estimated size: 52

C:\Program Files\Microchip\xc8\v3.00\pic\sources\c99\common\strchr.c
		_strchr        		CODE           	1A7C	0000	130

C:\Program Files\Microchip\xc8\v3.00\pic\sources\c99\common\strchr.c estimated size: 130

C:\Program Files\Microchip\xc8\v3.00\pic\sources\c99\common\lwdiv.c
		___lwdiv       		CODE           	1C7A	0000	116

C:\Program Files\Microchip\xc8\v3.00\pic\sources\c99\common\lwdiv.c estimated size: 116

C:\Program Files\Microchip\xc8\v3.00\pic\sources\c99\common\strcspn.c
		_strcspn       		CODE           	1D52	0000	100

C:\Program Files\Microchip\xc8\v3.00\pic\sources\c99\common\strcspn.c estimated size: 100

main.c
		_main          		CODE           	1126	0000	252
		_Clear_Line    		CODE           	21F4	0000	26
		_Display_RTC   		CODE           	1624	0000	176
		_Display_GPS   		CODE           	08B8	0000	624
		_Display_DHT11 		CODE           	1B80	0000	130

main.c estimated size: 1208

C:\Program Files\Microchip\xc8\v3.00\pic\sources\c99\common\doprnt.c
		_read_prec_or_width		CODE           	1822	0000	164
		_vfpfcnvrt     		CODE           	0D5C	0000	406
		_pad           		CODE           	195C	0000	146
		_vfprintf      		CODE           	2066	0000	62
		_utoa          		CODE           	1222	0000	230

C:\Program Files\Microchip\xc8\v3.00\pic\sources\c99\common\doprnt.c estimated size: 1008

LCD.c
		_LCD_String    		CODE           	1E1A	0000	94
		_LCD_Init      		CODE           	2142	0000	50
		_LCD_Command   		CODE           	1F80	0000	84
		_LCD_String_xy 		CODE           	1E78	0000	92
		_LCD_Char      		CODE           	1F2C	0000	84
		_LCD_Clear     		CODE           	2232	0000	8

LCD.c estimated size: 412

