MPLINK 5.09, LINKER
Linker Map File - Created Tue Feb 25 20:00:51 2025

                                 Section Info
                  Section       Type    Address   Location Size(Bytes)
                ---------  ---------  ---------  ---------  ---------
                   .org_0       code   0x000000    program   0x000004
                   .cinit    romdata   0x000004    program   0x000002
                   .org_1       code   0x000100    program   0x000052
.config_300001_BUILD/DEFAULT/PRODUCTION/MAIN.O    romdata   0x300001    program   0x000001
.config_300003_BUILD/DEFAULT/PRODUCTION/MAIN.O    romdata   0x300003    program   0x000001
.config_300006_BUILD/DEFAULT/PRODUCTION/MAIN.O    romdata   0x300006    program   0x000001



                              Program Memory Usage 
                               Start         End      
                           ---------   ---------      
                            0x000000    0x000005      
                            0x000100    0x000151      
                            0x300001    0x300001      
                            0x300003    0x300003      
                            0x300006    0x300006      
            91 out of 33048 program addresses used, program memory utilization is 0%



                              Symbols - Sorted by Name
                     Name    Address   Location    Storage File                     
                ---------  ---------  ---------  --------- ---------                
                   COUNT1   0x000000    program     static C:\MPLab\led.X\main.asm  
                   COUNT2   0x000001    program     static C:\MPLab\led.X\main.asm  
                   COUNT3   0x000002    program     static C:\MPLab\led.X\main.asm  
              DELAY_100MS   0x00013a    program     static C:\MPLab\led.X\main.asm  
                 DELAY_2S   0x00012a    program     static C:\MPLab\led.X\main.asm  
                 DELAY_5S   0x00011a    program     static C:\MPLab\led.X\main.asm  
            DELAY_LOOP_2S   0x00012e    program     static C:\MPLab\led.X\main.asm  
            DELAY_LOOP_5S   0x00011e    program     static C:\MPLab\led.X\main.asm  
                     LOOP   0x00010a    program     static C:\MPLab\led.X\main.asm  
                    LOOP1   0x00013e    program     static C:\MPLab\led.X\main.asm  
                    LOOP2   0x000142    program     static C:\MPLab\led.X\main.asm  
                    START   0x000100    program     static C:\MPLab\led.X\main.asm  



                              Symbols - Sorted by Address
                     Name    Address   Location    Storage File                     
                ---------  ---------  ---------  --------- ---------                
                   COUNT1   0x000000    program     static C:\MPLab\led.X\main.asm  
                   COUNT2   0x000001    program     static C:\MPLab\led.X\main.asm  
                   COUNT3   0x000002    program     static C:\MPLab\led.X\main.asm  
                    START   0x000100    program     static C:\MPLab\led.X\main.asm  
                     LOOP   0x00010a    program     static C:\MPLab\led.X\main.asm  
                 DELAY_5S   0x00011a    program     static C:\MPLab\led.X\main.asm  
            DELAY_LOOP_5S   0x00011e    program     static C:\MPLab\led.X\main.asm  
                 DELAY_2S   0x00012a    program     static C:\MPLab\led.X\main.asm  
            DELAY_LOOP_2S   0x00012e    program     static C:\MPLab\led.X\main.asm  
              DELAY_100MS   0x00013a    program     static C:\MPLab\led.X\main.asm  
                    LOOP1   0x00013e    program     static C:\MPLab\led.X\main.asm  
                    LOOP2   0x000142    program     static C:\MPLab\led.X\main.asm  


