Microchip MPLAB XC8 Compiler V3.00

Linker command line:

-W-3 \
  --edf=C:\Program Files\Microchip\xc8\v3.00\pic\dat\20241204225717_en.msgs \
  -cn -h+dist/default/production\dth11.X.production.sym \
  --cmf=dist/default/production\dth11.X.production.cmf -z -Q18F4550 \
  -oC:\Users\Esteban\AppData\Local\Temp\xcAsci8.\driver_tmp_3.o \
  --defsym=__MPLAB_BUILD=1 --fixupoverflow=error \
  -Mdist/default/production/dth11.X.production.map \
  --md=C:\Users\Esteban\AppData\Local\Temp\xcAsci8.\driver_tmp_0.dat -E1 \
  -ver=XC8 Compiler -ACODE=00h-07FFFh -ACONST=00h-07FFFh \
  -ASMALLCONST=0800h-08FFhx120 -AMEDIUMCONST=0800h-07FFFh -ACOMRAM=01h-05Fh \
  -AABS1=00h-07FFh -ABIGRAM=01h-07FFh -ARAM=060h-0FFh,0100h-01FFhx7 \
  -ABANK0=060h-0FFh -ABANK1=0100h-01FFh -ABANK2=0200h-02FFh \
  -ABANK3=0300h-03FFh -ABANK4=0400h-04FFh -ABANK5=0500h-05FFh \
  -ABANK6=0600h-06FFh -ABANK7=0700h-07FFh -ASFR=0F60h-0FFFh \
  -ABIGSFR=0F60h-0FFFh -ACONFIG=0300000h-030000Dh -AIDLOC=0200000h-0200007h \
  -AEEDATA=0F00000h-0F000FFh -peeprom_data=EEDATA \
  -preset_vec=00h,intcode=8h,intcodelo=18h,sivt_lo,sivt_hi=CODE \
  -ppowerup=CODE,init -pramtop=0800h -psmallconst=SMALLCONST \
  -pmediumconst=MEDIUMCONST -pconst=CONST -AFARRAM=00h-00h \
  -prdata=COMRAM,nvrram=COMRAM,nvbit=COMRAM,rbss=COMRAM,rbit=COMRAM \
  -pfarbss=FARRAM,fardata=FARRAM,nvFARRAM=FARRAM \
  -pintsave_regs=BIGRAM,bigbss=BIGRAM,bigdata=BIGRAM -pbss=RAM \
  -pidata=CODE,irdata=CODE,ibigdata=CODE,ifardata=CODE -prparam=COMRAM \
  C:\Users\Esteban\AppData\Local\Temp\xcAsci8.\driver_tmp_14.o \
  dist/default/production\dth11.X.production.o 

Object code version is 3.11

Machine type is 18F4550



                Name                               Link     Load   Length Selector   Space Scale
C:\Users\Esteban\AppData\Local\Temp\xcAsci8.\driver_tmp_14.o
                idloc                            200000   200000        8        0       5
                config                           300000   300000        E        0       4
                init                               7FFC     7FFC        4     3FFE       0
                reset_vec                             0        0        4        0       0
dist/default/production\dth11.X.production.o
                idloc                            200000   200000        8        0       5
                config                           300000   300000        E        0       4
                smallconst                          800      800       4C      400       0
                text17                              EAE      EAE       54      426       0
                text16                              E5A      E5A       54      426       0
                text15                              DFC      DFC       5E      426       0
                text14                              F92      F92       3A      426       0
                text13                             1086     1086       1A      426       0
                text12                              F02      F02       52      426       0
                text11                              BE2      BE2       C2      426       0
                text10                             10A0     10A0       18      426       0
                text9                              1034     1034       32      426       0
                text8                               B20      B20       C2      426       0
                text7                               CA4      CA4       AE      426       0
                text6                              1000     1000       34      426       0
                text5                              10B8     10B8        2      426       0
                text4                               D52      D52       AA      426       0
                text3                               84C      84C      1F6      426       0
                text2                               F54      F54       3E      426       0
                text1                               FCC      FCC       34      426       0
                text0                               A42      A42       DE      426       0
                cstackCOMRAM                          1        1       3E        1       1
                bssBANK0                             60       60       20       60       1
                bssCOMRAM                            3F       3F        5        1       1
                cinit                              1066     1066       20      426       0

TOTAL           Name                               Link     Load   Length     Space
        CLASS   CODE           
                init                               7FFC     7FFC        4         0
                reset_vec                             0        0        4         0
                text17                              EAE      EAE       54         0
                text16                              E5A      E5A       54         0
                text15                              DFC      DFC       5E         0
                text14                              F92      F92       3A         0
                text13                             1086     1086       1A         0
                text12                              F02      F02       52         0
                text11                              BE2      BE2       C2         0
                text10                             10A0     10A0       18         0
                text9                              1034     1034       32         0
                text8                               B20      B20       C2         0
                text7                               CA4      CA4       AE         0
                text6                              1000     1000       34         0
                text5                              10B8     10B8        2         0
                text4                               D52      D52       AA         0
                text3                               84C      84C      1F6         0
                text2                               F54      F54       3E         0
                text1                               FCC      FCC       34         0
                text0                               A42      A42       DE         0
                cinit                              1066     1066       20         0

        CLASS   CONST          

        CLASS   SMALLCONST     
                smallconst                          800      800       4C         0

        CLASS   MEDIUMCONST    

        CLASS   COMRAM         
                cstackCOMRAM                          1        1       3E         1
                bssCOMRAM                            3F       3F        5         1

        CLASS   ABS1           

        CLASS   BIGRAM         

        CLASS   RAM            

        CLASS   BANK0          
                bssBANK0                             60       60       20         1

        CLASS   BANK1          

        CLASS   BANK2          

        CLASS   BANK3          

        CLASS   BANK4          

        CLASS   BANK5          

        CLASS   BANK6          

        CLASS   BANK7          

        CLASS   SFR            

        CLASS   BIGSFR         

        CLASS   CONFIG         
                config                           300000   300000        E         4

        CLASS   IDLOC          
                idloc                            200000   200000        8         5

        CLASS   EEDATA         

        CLASS   FARRAM         

        CLASS   HEAP           

        CLASS   STACK          



SEGMENTS        Name                           Load    Length   Top    Selector   Space  Class

                reset_vec                      000000  000004  000004         0       0  CODE    
                cstackCOMRAM                   000001  000043  000044         1       1  COMRAM  
                bssBANK0                       000060  000020  000080        60       1  BANK0   
                smallconst                     000800  00004C  00084C       400       0  SMALLCON
                text3                          00084C  00086E  0010BA       426       0  CODE    
                init                           007FFC  000004  008000      3FFE       0  CODE    


UNUSED ADDRESS RANGES

        Name                Unused          Largest block    Delta
        BANK0            000080-0000FF               80
        BANK1            000100-0001FF              100
        BANK2            000200-0002FF              100
        BANK3            000300-0003FF              100
        BANK4            000400-0004FF              100
        BANK5            000500-0005FF              100
        BANK6            000600-0006FF              100
        BANK7            000700-0007FF              100
        BIGRAM           000044-00005F               1C
                         000080-0007FF              780
        BIGSFR           000F60-000FFF               A0
        CODE             000004-0007FF              7FC
                         0010BA-007FFB             6F42
        COMRAM           000044-00005F               1C
        CONST            000004-0007FF              7FC
                         0010BA-007FFB             6F42
        EEDATA           F00000-F000FF              100
        MEDIUMCONST      0010BA-007FFB             6F42
        RAM              000080-0007FF              100
        SFR              000F60-000FFF               A0
        SMALLCONST       0010BA-007FFB              100

                                  Symbol Table

?___awdiv                cstackCOMRAM 000001
?___awmod                cstackCOMRAM 000001
?_abs                    cstackCOMRAM 000007
?_sprintf                cstackCOMRAM 00001A
?_vfprintf               cstackCOMRAM 000016
ClearLine@line           cstackCOMRAM 00000A
DHT11_Read@data          cstackCOMRAM 000009
DHT11_Read@humidity      cstackCOMRAM 000003
DHT11_Read@i             cstackCOMRAM 00000E
DHT11_Read@temperature   cstackCOMRAM 000004
DHT11_ReadByte@data      cstackCOMRAM 000001
DHT11_ReadByte@i         cstackCOMRAM 000002
LCD_Char@dat             cstackCOMRAM 000002
LCD_Command@cmd          cstackCOMRAM 000002
LCD_String@msg           cstackCOMRAM 000003
LCD_String_xy@location   cstackCOMRAM 000009
LCD_String_xy@msg        cstackCOMRAM 000006
LCD_String_xy@pos        cstackCOMRAM 000005
LCD_String_xy@row        cstackCOMRAM 000008
_ADCON1                  (abs)        000FC1
_CMCON                   (abs)        000FB4
_ClearLine               text13       001086
_DHT11_Read              text11       000BE2
_DHT11_ReadByte          text12       000F02
_LATD                    (abs)        000F8C
_LATD0                   (abs)        007C60
_LATD1                   (abs)        007C61
_LCD_Char                text16       000E5A
_LCD_Clear               text10       0010A0
_LCD_Command             text17       000EAE
_LCD_Init                text9        001034
_LCD_String              text15       000DFC
_LCD_String_xy           text14       000F92
_OSCCON                  (abs)        000FD3
_PORTAbits               (abs)        000F80
_TRISAbits               (abs)        000F92
_TRISD                   (abs)        000F95
__HRAM                   (abs)        000000
__H__absolute__          __absolute__ 000000
__Habs1                  abs1         000000
__Hbank0                 bank0        000000
__Hbank1                 bank1        000000
__Hbank2                 bank2        000000
__Hbank3                 bank3        000000
__Hbank4                 bank4        000000
__Hbank5                 bank5        000000
__Hbank6                 bank6        000000
__Hbank7                 bank7        000000
__Hbigbss                bigbss       000000
__Hbigdata               bigdata      000000
__Hbigram                bigram       000000
__Hbigsfr                bigsfr       000000
__Hbss                   bss          000000
__HbssBANK0              bssBANK0     000000
__HbssCOMRAM             bssCOMRAM    000000
__Hcinit                 cinit        000000
__Hclrtext               clrtext      000000
__Hcomram                comram       000000
__Hconfig                config       30000E
__Hconst                 const        000000
__HcstackCOMRAM          cstackCOMRAM 000000
__Hdata                  data         000000
__Heeprom_data           eeprom_data  000000
__Hfarbss                farbss       000000
__Hfardata               fardata      000000
__Hheap                  heap         000000
__Hibigdata              ibigdata     000000
__Hidata                 idata        000000
__Hidloc                 idloc        200008
__Hifardata              ifardata     000000
__Hinit                  init         008000
__Hintcode               intcode      000008
__Hintcode_body          intcode_body 000000
__Hintcodelo             intcodelo    000018
__Hintentry              intentry     000000
__Hintret                intret       000000
__Hintsave_regs          intsave_regs 000000
__Hirdata                irdata       000000
__Hmediumconst           mediumconst  000000
__HnvFARRAM              nvFARRAM     000000
__Hnvbit                 nvbit        000000
__Hnvrram                nvrram       000000
__Hparam                 rparam       000000
__Hpowerup               powerup      000000
__Hram                   ram          000000
__Hramtop                ramtop       000800
__Hrbit                  rbit         000000
__Hrbss                  rbss         000000
__Hrdata                 rdata        000000
__Hreset_vec             reset_vec    000004
__Hrparam                rparam       000000
__Hsfr                   sfr          000000
__Hsivt_hi               sivt_hi      000000
__Hsivt_lo               sivt_lo      000018
__Hsmallconst            smallconst   00084C
__Hspace_0               (abs)        008000
__Hspace_1               (abs)        000080
__Hspace_2               (abs)        000000
__Hspace_4               (abs)        60000E
__Hstack                 stack        000000
__Hstruct                struct       000000
__Htemp                  temp         000000
__Htext                  text         000000
__Htext0                 text0        000000
__Htext1                 text1        000000
__Htext10                text10       000000
__Htext11                text11       000000
__Htext12                text12       000000
__Htext13                text13       000000
__Htext14                text14       000000
__Htext15                text15       000000
__Htext16                text16       000000
__Htext17                text17       000000
__Htext2                 text2        000000
__Htext3                 text3        000000
__Htext4                 text4        000000
__Htext5                 text5        000000
__Htext6                 text6        000000
__Htext7                 text7        000000
__Htext8                 text8        000000
__Htext9                 text9        000000
__LRAM                   (abs)        000001
__L__absolute__          __absolute__ 000000
__Labs1                  abs1         000000
__Lbank0                 bank0        000000
__Lbank1                 bank1        000000
__Lbank2                 bank2        000000
__Lbank3                 bank3        000000
__Lbank4                 bank4        000000
__Lbank5                 bank5        000000
__Lbank6                 bank6        000000
__Lbank7                 bank7        000000
__Lbigbss                bigbss       000000
__Lbigdata               bigdata      000000
__Lbigram                bigram       000000
__Lbigsfr                bigsfr       000000
__Lbss                   bss          000000
__LbssBANK0              bssBANK0     000000
__LbssCOMRAM             bssCOMRAM    000000
__Lcinit                 cinit        000000
__Lclrtext               clrtext      000000
__Lcomram                comram       000000
__Lconfig                config       000000
__Lconst                 const        000000
__LcstackCOMRAM          cstackCOMRAM 000000
__Ldata                  data         000000
__Leeprom_data           eeprom_data  000000
__Lfarbss                farbss       000000
__Lfardata               fardata      000000
__Lheap                  heap         000000
__Libigdata              ibigdata     000000
__Lidata                 idata        000000
__Lidloc                 idloc        000000
__Lifardata              ifardata     000000
__Linit                  init         007FFC
__Lintcode               intcode      000008
__Lintcode_body          intcode_body 000000
__Lintcodelo             intcodelo    000018
__Lintentry              intentry     000000
__Lintret                intret       000000
__Lintsave_regs          intsave_regs 000000
__Lirdata                irdata       000000
__Lmediumconst           mediumconst  000000
__LnvFARRAM              nvFARRAM     000000
__Lnvbit                 nvbit        000000
__Lnvrram                nvrram       000000
__Lparam                 rparam       000000
__Lpowerup               powerup      000000
__Lram                   ram          000000
__Lramtop                ramtop       000800
__Lrbit                  rbit         000000
__Lrbss                  rbss         000000
__Lrdata                 rdata        000000
__Lreset_vec             reset_vec    000000
__Lrparam                rparam       000000
__Lsfr                   sfr          000000
__Lsivt_hi               sivt_hi      000000
__Lsivt_lo               sivt_lo      000018
__Lsmallconst            smallconst   000800
__Lspace_0               (abs)        000000
__Lspace_1               (abs)        000000
__Lspace_2               (abs)        000000
__Lspace_4               (abs)        000000
__Lstack                 stack        000000
__Lstruct                struct       000000
__Ltemp                  temp         000000
__Ltext                  text         000000
__Ltext0                 text0        000000
__Ltext1                 text1        000000
__Ltext10                text10       000000
__Ltext11                text11       000000
__Ltext12                text12       000000
__Ltext13                text13       000000
__Ltext14                text14       000000
__Ltext15                text15       000000
__Ltext16                text16       000000
__Ltext17                text17       000000
__Ltext2                 text2        000000
__Ltext3                 text3        000000
__Ltext4                 text4        000000
__Ltext5                 text5        000000
__Ltext6                 text6        000000
__Ltext7                 text7        000000
__Ltext8                 text8        000000
__Ltext9                 text9        000000
__S0                     (abs)        008000
__S1                     (abs)        000080
__S4                     (abs)        000000
__S5                     (abs)        000000
___awdiv                 text8        000B20
___awdiv@counter         cstackCOMRAM 000005
___awdiv@dividend        cstackCOMRAM 000001
___awdiv@divisor         cstackCOMRAM 000003
___awdiv@quotient        cstackCOMRAM 000007
___awdiv@sign            cstackCOMRAM 000006
___awmod                 text7        000CA4
___awmod@counter         cstackCOMRAM 000005
___awmod@dividend        cstackCOMRAM 000001
___awmod@divisor         cstackCOMRAM 000003
___awmod@sign            cstackCOMRAM 000006
___heap_hi               (abs)        000000
___heap_lo               (abs)        000000
___inthi_sp              stack        000000
___inthi_stack_hi        stack        000000
___inthi_stack_lo        stack        000000
___intlo_sp              stack        000000
___intlo_stack_hi        stack        000000
___intlo_stack_lo        stack        000000
___param_bank            (abs)        000000
___rparam_used           (abs)        000001
___sp                    stack        000000
___stack_hi              stack        000000
___stack_lo              stack        000000
__accesstop              (abs)        000060
__activetblptr           (abs)        000002
__end_of_ClearLine       text13       0010A0
__end_of_DHT11_Read      text11       000CA4
__end_of_DHT11_ReadByte  text12       000F54
__end_of_LCD_Char        text16       000EAE
__end_of_LCD_Clear       text10       0010B8
__end_of_LCD_Command     text17       000F02
__end_of_LCD_Init        text9        001066
__end_of_LCD_String      text15       000E5A
__end_of_LCD_String_xy   text14       000FCC
__end_of___awdiv         text8        000BE2
__end_of___awmod         text7        000D52
__end_of__initialization cinit        00107C
__end_of_abs             text6        001034
__end_of_fputc           text4        000DFC
__end_of_main            text0        000B20
__end_of_putch           text5        0010BA
__end_of_sprintf         text1        001000
__end_of_vfpfcnvrt       text3        000A42
__end_of_vfprintf        text2        000F92
__initialization         cinit        001066
__mediumconst            smallconst   000800
__pbssBANK0              bssBANK0     000060
__pbssCOMRAM             bssCOMRAM    00003F
__pcinit                 cinit        001066
__pcstackCOMRAM          cstackCOMRAM 000001
__psmallconst            smallconst   000800
__ptext0                 text0        000A42
__ptext1                 text1        000FCC
__ptext10                text10       0010A0
__ptext11                text11       000BE2
__ptext12                text12       000F02
__ptext13                text13       001086
__ptext14                text14       000F92
__ptext15                text15       000DFC
__ptext16                text16       000E5A
__ptext17                text17       000EAE
__ptext2                 text2        000F54
__ptext3                 text3        00084C
__ptext4                 text4        000D52
__ptext5                 text5        0010B8
__ptext6                 text6        001000
__ptext7                 text7        000CA4
__ptext8                 text8        000B20
__ptext9                 text9        001034
__ramtop                 ramtop       000800
__smallconst             smallconst   000800
_abs                     text6        001000
_dbuf                    bssBANK0     000060
_flags                   bssCOMRAM    000043
_fputc                   text4        000D52
_main                    text0        000A42
_prec                    bssCOMRAM    000041
_putch                   text5        0010B8
_sprintf                 text1        000FCC
_vfpfcnvrt               text3        00084C
_vfprintf                text2        000F54
_width                   bssCOMRAM    00003F
abs@a                    cstackCOMRAM 000007
end_of_initialization    cinit        00107C
fputc@c                  cstackCOMRAM 000001
fputc@fp                 cstackCOMRAM 000003
intlevel0                text         000000
intlevel1                text         000000
intlevel2                text         000000
intlevel3                text         000000
isa$std                  (abs)        000001
isa$xinst                (abs)        000000
main@buffer              cstackCOMRAM 00002C
main@hum_int             cstackCOMRAM 00003D
main@temp_int            cstackCOMRAM 00003E
sprintf@ap               cstackCOMRAM 00001E
sprintf@f                cstackCOMRAM 00001F
sprintf@fmt              cstackCOMRAM 00001B
sprintf@s                cstackCOMRAM 00001A
stackhi                  (abs)        000000
stacklo                  (abs)        000000
start                    init         007FFC
start_initialization     cinit        001066
vfpfcnvrt@ap             cstackCOMRAM 00000D
vfpfcnvrt@c              cstackCOMRAM 000015
vfpfcnvrt@convarg        cstackCOMRAM 000011
vfpfcnvrt@cp             cstackCOMRAM 000010
vfpfcnvrt@done           cstackCOMRAM 00000F
vfpfcnvrt@fmt            cstackCOMRAM 00000C
vfpfcnvrt@fp             cstackCOMRAM 00000B
vfprintf@ap              cstackCOMRAM 000018
vfprintf@cfmt            cstackCOMRAM 000019
vfprintf@fmt             cstackCOMRAM 000017
vfprintf@fp              cstackCOMRAM 000016


MODULE INFORMATION

Module		Function		Class		Link	Load	Size
C:\Program Files\Microchip\xc8\v3.00\pic\sources\c99\common\abs.c
		_abs           		CODE           	1000	0000	52

C:\Program Files\Microchip\xc8\v3.00\pic\sources\c99\common\abs.c estimated size: 52

C:\Program Files\Microchip\xc8\v3.00\pic\sources\c99\common\nf_fputc.c
		_fputc         		CODE           	0D52	0000	170

C:\Program Files\Microchip\xc8\v3.00\pic\sources\c99\common\nf_fputc.c estimated size: 170

C:\Program Files\Microchip\xc8\v3.00\pic\sources\c99\common\nf_sprintf.c
		_sprintf       		CODE           	0FCC	0000	52

C:\Program Files\Microchip\xc8\v3.00\pic\sources\c99\common\nf_sprintf.c estimated size: 52

C:\Program Files\Microchip\xc8\v3.00\pic\sources\c99\common\awmod.c
		___awmod       		CODE           	0CA4	0000	174

C:\Program Files\Microchip\xc8\v3.00\pic\sources\c99\common\awmod.c estimated size: 174

C:\Program Files\Microchip\xc8\v3.00\pic\sources\c99\common\putch.c
		_putch         		CODE           	10B8	0000	2

C:\Program Files\Microchip\xc8\v3.00\pic\sources\c99\common\putch.c estimated size: 2

DHT11.c
		_DHT11_Read    		CODE           	0BE2	0000	194
		_DHT11_ReadByte		CODE           	0F02	0000	82

DHT11.c estimated size: 276

shared
		__initialization		CODE           	1066	0000	22

shared estimated size: 22

C:\Program Files\Microchip\xc8\v3.00\pic\sources\c99\common\awdiv.c
		___awdiv       		CODE           	0B20	0000	194

C:\Program Files\Microchip\xc8\v3.00\pic\sources\c99\common\awdiv.c estimated size: 194

main.c
		_main          		CODE           	0A42	0000	222
		_ClearLine     		CODE           	1086	0000	26

main.c estimated size: 248

C:\Program Files\Microchip\xc8\v3.00\pic\sources\c99\common\doprnt.c
		_vfpfcnvrt     		CODE           	084C	0000	502
		_vfprintf      		CODE           	0F54	0000	62

C:\Program Files\Microchip\xc8\v3.00\pic\sources\c99\common\doprnt.c estimated size: 564

LCD.c
		_LCD_String    		CODE           	0DFC	0000	94
		_LCD_Init      		CODE           	1034	0000	50
		_LCD_Command   		CODE           	0EAE	0000	84
		_LCD_String_xy 		CODE           	0F92	0000	58
		_LCD_Char      		CODE           	0E5A	0000	84
		_LCD_Clear     		CODE           	10A0	0000	24

LCD.c estimated size: 394

