Microchip MPLAB XC8 Compiler V2.50

Linker command line:

-W-3 \
  --edf=C:\Program Files\Microchip\xc8\v2.50\pic\dat\20240725155939_en.msgs \
  -cn -h+dist/default/production\LEDPROYECTO2.X.production.sym \
  --cmf=dist/default/production\LEDPROYECTO2.X.production.cmf -z -Q18F4550 \
  -oC:\Users\danis\AppData\Local\Temp\xcAsbq8.\driver_tmp_3.o \
  --defsym=__MPLAB_BUILD=1 --fixupoverflow=error \
  -Mdist/default/production/LEDPROYECTO2.X.production.map \
  --md=C:\Users\danis\AppData\Local\Temp\xcAsbq8.\driver_tmp_0.dat -E1 \
  -ver=XC8 Compiler --acfsm=1493 -ACODE=00h-07FFFh -ACONST=00h-07FFFh \
  -ASMALLCONST=0800h-08FFhx120 -AMEDIUMCONST=0800h-07FFFh -ACOMRAM=01h-05Fh \
  -AABS1=00h-07FFh -ABIGRAM=01h-07FFh -ARAM=060h-0FFh,0100h-01FFhx7 \
  -ABANK0=060h-0FFh -ABANK1=0100h-01FFh -ABANK2=0200h-02FFh \
  -ABANK3=0300h-03FFh -ABANK4=0400h-04FFh -ABANK5=0500h-05FFh \
  -ABANK6=0600h-06FFh -ABANK7=0700h-07FFh -ASFR=0F60h-0FFFh \
  -ABIGSFR=0F60h-0FFFh -ACONFIG=0300000h-030000Dh -AIDLOC=0200000h-0200007h \
  -AEEDATA=0F00000h-0F000FFh -peeprom_data=EEDATA \
  -preset_vec=00h,intcode,sivt_hi,intcodelo,sivt_lo,powerup,init \
  -pramtop=0800h -psmallconst=SMALLCONST -pmediumconst=MEDIUMCONST \
  -pconst=CONST -AFARRAM=00h-00h \
  -prdata=COMRAM,nvrram=COMRAM,nvbit=COMRAM,rbss=COMRAM,rbit=COMRAM \
  -pfarbss=FARRAM,fardata=FARRAM,nvFARRAM=FARRAM \
  -pintsave_regs=BIGRAM,bigbss=BIGRAM,bigdata=BIGRAM -pbss=RAM \
  -pidata=CODE,irdata=CODE,ibigdata=CODE,ifardata=CODE -prparam=COMRAM \
  C:\Users\danis\AppData\Local\Temp\xcAsbq8.\driver_tmp_14.o \
  dist/default/production\LEDPROYECTO2.X.production.o 

Object code version is 3.11

Machine type is 18F4550



                Name                               Link     Load   Length Selector   Space Scale
C:\Users\danis\AppData\Local\Temp\xcAsbq8.\driver_tmp_14.o
                idloc                            200000   200000        8        0       5
                config                           300000   300000        E        0       4
                init                                  0        0        4        0       0
dist/default/production\LEDPROYECTO2.X.production.o
                idloc                            200000   200000        8        0       5
                config                           300000   300000        E        0       4
                smallconst                          800      800       78      400       0
                text12                              F80      F80        8      43C       0
                text11                              D9A      D9A       68      43C       0
                text10                              E60      E60       5A      43C       0
                text9                               E02      E02       5E      43C       0
                text8                               B80      B80       C2      43C       0
                text7                               C42      C42       AE      43C       0
                text6                               F2C      F2C       34      43C       0
                text5                               F88      F88        2      43C       0
                text4                               CF0      CF0       AA      43C       0
                text3                               878      878      208      43C       0
                text2                               EBA      EBA       3E      43C       0
                text1                               EF8      EF8       34      43C       0
                text0                               A80      A80      100      43C       0
                cstackCOMRAM                          1        1       4E        1       1
                bssBANK0                             60       60       20       60       1
                bssCOMRAM                            4F       4F        5        1       1
                cinit                               F60      F60       20      43C       0

TOTAL           Name                               Link     Load   Length     Space
        CLASS   CODE           
                init                                  0        0        4         0
                text12                              F80      F80        8         0
                text11                              D9A      D9A       68         0
                text10                              E60      E60       5A         0
                text9                               E02      E02       5E         0
                text8                               B80      B80       C2         0
                text7                               C42      C42       AE         0
                text6                               F2C      F2C       34         0
                text5                               F88      F88        2         0
                text4                               CF0      CF0       AA         0
                text3                               878      878      208         0
                text2                               EBA      EBA       3E         0
                text1                               EF8      EF8       34         0
                text0                               A80      A80      100         0
                cinit                               F60      F60       20         0

        CLASS   CONST          

        CLASS   SMALLCONST     
                smallconst                          800      800       78         0

        CLASS   MEDIUMCONST    

        CLASS   COMRAM         
                cstackCOMRAM                          1        1       4E         1
                bssCOMRAM                            4F       4F        5         1

        CLASS   ABS1           

        CLASS   BIGRAM         

        CLASS   RAM            

        CLASS   BANK0          
                bssBANK0                             60       60       20         1

        CLASS   BANK1          

        CLASS   BANK2          

        CLASS   BANK3          

        CLASS   BANK4          

        CLASS   BANK5          

        CLASS   BANK6          

        CLASS   BANK7          

        CLASS   SFR            

        CLASS   BIGSFR         

        CLASS   CONFIG         
                config                           300000   300000        E         4

        CLASS   IDLOC          
                idloc                            200000   200000        8         5

        CLASS   EEDATA         

        CLASS   FARRAM         

        CLASS   HEAP           

        CLASS   STACK          



SEGMENTS        Name                           Load    Length   Top    Selector   Space  Class

                reset_vec                      000000  000004  000004         0       0  CODE    
                cstackCOMRAM                   000001  000053  000054         1       1  COMRAM  
                bssBANK0                       000060  000020  000080        60       1  BANK0   
                smallconst                     000800  000078  000878       400       0  SMALLCON
                text3                          000878  000712  000F8A       43C       0  CODE    


UNUSED ADDRESS RANGES

        Name                Unused          Largest block    Delta
        BANK0            000080-0000FF               80
        BANK1            000100-0001FF              100
        BANK2            000200-0002FF              100
        BANK3            000300-0003FF              100
        BANK4            000400-0004FF              100
        BANK5            000500-0005FF              100
        BANK6            000600-0006FF              100
        BANK7            000700-0007FF              100
        BIGRAM           000054-00005F                C
                         000080-0007FF              780
        BIGSFR           000F60-000FFF               A0
        CODE             000004-0007FF              7FC
                         000F8A-007FFF             7076
        COMRAM           000054-00005F                C
        CONST            000004-0007FF              7FC
                         000F8A-007FFF             7076
        EEDATA           F00000-F000FF              100
        MEDIUMCONST      000F8A-007FFF             7076
        RAM              000080-0007FF              100
        SFR              000F60-000FFF               A0
        SMALLCONST       000F8A-007FFF              100

                                  Symbol Table

?___awdiv                     cstackCOMRAM 000001
?___awmod                     cstackCOMRAM 000001
?_abs                         cstackCOMRAM 000007
?_sprintf                     cstackCOMRAM 00001A
?_vfprintf                    cstackCOMRAM 000016
SoftUSART_RxChar@data         cstackCOMRAM 000003
SoftUSART_RxChar@i            cstackCOMRAM 000004
SoftUSART_SendString@str      cstackCOMRAM 000005
SoftUSART_TxChar@data         cstackCOMRAM 000003
SoftUSART_TxChar@i            cstackCOMRAM 000004
_CREN                         (abs)        007D5C
_LATBbits                     (abs)        000F8A
_LATD                         (abs)        000F8C
_LATDbits                     (abs)        000F8C
_OSCCON                       (abs)        000FD3
_PORTBbits                    (abs)        000F81
_RCIF                         (abs)        007CF5
_RCREG                        (abs)        000FAE
_RCSTA                        (abs)        000FAB
_RCSTAbits                    (abs)        000FAB
_SPBRG                        (abs)        000FAF
_SoftUSART_Init               text12       000F80
_SoftUSART_RxChar             text11       000D9A
_SoftUSART_SendString         text9        000E02
_SoftUSART_TxChar             text10       000E60
_TRISBbits                    (abs)        000F93
_TRISC6                       (abs)        007CA6
_TRISC7                       (abs)        007CA7
_TRISD                        (abs)        000F95
_TXIF                         (abs)        007CF4
_TXREG                        (abs)        000FAD
_TXSTA                        (abs)        000FAC
__HRAM                        (abs)        000000
__H__absolute__               __absolute__ 000000
__Habs1                       abs1         000000
__Hbank0                      bank0        000000
__Hbank1                      bank1        000000
__Hbank2                      bank2        000000
__Hbank3                      bank3        000000
__Hbank4                      bank4        000000
__Hbank5                      bank5        000000
__Hbank6                      bank6        000000
__Hbank7                      bank7        000000
__Hbigbss                     bigbss       000000
__Hbigdata                    bigdata      000000
__Hbigram                     bigram       000000
__Hbigsfr                     bigsfr       000000
__Hbss                        bss          000000
__HbssBANK0                   bssBANK0     000000
__HbssCOMRAM                  bssCOMRAM    000000
__Hcinit                      cinit        000000
__Hclrtext                    clrtext      000000
__Hcomram                     comram       000000
__Hconfig                     config       30000E
__Hconst                      const        000000
__HcstackCOMRAM               cstackCOMRAM 000000
__Hdata                       data         000000
__Heeprom_data                eeprom_data  000000
__Hfarbss                     farbss       000000
__Hfardata                    fardata      000000
__Hheap                       heap         000000
__Hibigdata                   ibigdata     000000
__Hidata                      idata        000000
__Hidloc                      idloc        200008
__Hifardata                   ifardata     000000
__Hinit                       init         000004
__Hintcode                    intcode      000000
__Hintcode_body               intcode_body 000000
__Hintcodelo                  intcodelo    000000
__Hintentry                   intentry     000000
__Hintret                     intret       000000
__Hintsave_regs               intsave_regs 000000
__Hirdata                     irdata       000000
__Hmediumconst                mediumconst  000000
__HnvFARRAM                   nvFARRAM     000000
__Hnvbit                      nvbit        000000
__Hnvrram                     nvrram       000000
__Hparam                      rparam       000000
__Hpowerup                    powerup      000000
__Hram                        ram          000000
__Hramtop                     ramtop       000800
__Hrbit                       rbit         000000
__Hrbss                       rbss         000000
__Hrdata                      rdata        000000
__Hreset_vec                  reset_vec    000000
__Hrparam                     rparam       000000
__Hsfr                        sfr          000000
__Hsivt_hi                    sivt_hi      000000
__Hsivt_lo                    sivt_lo      000000
__Hsmallconst                 smallconst   000878
__Hspace_0                    (abs)        000F8A
__Hspace_1                    (abs)        000080
__Hspace_2                    (abs)        000000
__Hspace_4                    (abs)        60000E
__Hstack                      stack        000000
__Hstruct                     struct       000000
__Htemp                       temp         000000
__Htext                       text         000000
__Htext0                      text0        000000
__Htext1                      text1        000000
__Htext10                     text10       000000
__Htext11                     text11       000000
__Htext12                     text12       000000
__Htext2                      text2        000000
__Htext3                      text3        000000
__Htext4                      text4        000000
__Htext5                      text5        000000
__Htext6                      text6        000000
__Htext7                      text7        000000
__Htext8                      text8        000000
__Htext9                      text9        000000
__LRAM                        (abs)        000001
__L__absolute__               __absolute__ 000000
__Labs1                       abs1         000000
__Lbank0                      bank0        000000
__Lbank1                      bank1        000000
__Lbank2                      bank2        000000
__Lbank3                      bank3        000000
__Lbank4                      bank4        000000
__Lbank5                      bank5        000000
__Lbank6                      bank6        000000
__Lbank7                      bank7        000000
__Lbigbss                     bigbss       000000
__Lbigdata                    bigdata      000000
__Lbigram                     bigram       000000
__Lbigsfr                     bigsfr       000000
__Lbss                        bss          000000
__LbssBANK0                   bssBANK0     000000
__LbssCOMRAM                  bssCOMRAM    000000
__Lcinit                      cinit        000000
__Lclrtext                    clrtext      000000
__Lcomram                     comram       000000
__Lconfig                     config       000000
__Lconst                      const        000000
__LcstackCOMRAM               cstackCOMRAM 000000
__Ldata                       data         000000
__Leeprom_data                eeprom_data  000000
__Lfarbss                     farbss       000000
__Lfardata                    fardata      000000
__Lheap                       heap         000000
__Libigdata                   ibigdata     000000
__Lidata                      idata        000000
__Lidloc                      idloc        000000
__Lifardata                   ifardata     000000
__Linit                       init         000000
__Lintcode                    intcode      000000
__Lintcode_body               intcode_body 000000
__Lintcodelo                  intcodelo    000000
__Lintentry                   intentry     000000
__Lintret                     intret       000000
__Lintsave_regs               intsave_regs 000000
__Lirdata                     irdata       000000
__Lmediumconst                mediumconst  000000
__LnvFARRAM                   nvFARRAM     000000
__Lnvbit                      nvbit        000000
__Lnvrram                     nvrram       000000
__Lparam                      rparam       000000
__Lpowerup                    powerup      000000
__Lram                        ram          000000
__Lramtop                     ramtop       000800
__Lrbit                       rbit         000000
__Lrbss                       rbss         000000
__Lrdata                      rdata        000000
__Lreset_vec                  reset_vec    000000
__Lrparam                     rparam       000000
__Lsfr                        sfr          000000
__Lsivt_hi                    sivt_hi      000000
__Lsivt_lo                    sivt_lo      000000
__Lsmallconst                 smallconst   000800
__Lspace_0                    (abs)        000000
__Lspace_1                    (abs)        000000
__Lspace_2                    (abs)        000000
__Lspace_4                    (abs)        000000
__Lstack                      stack        000000
__Lstruct                     struct       000000
__Ltemp                       temp         000000
__Ltext                       text         000000
__Ltext0                      text0        000000
__Ltext1                      text1        000000
__Ltext10                     text10       000000
__Ltext11                     text11       000000
__Ltext12                     text12       000000
__Ltext2                      text2        000000
__Ltext3                      text3        000000
__Ltext4                      text4        000000
__Ltext5                      text5        000000
__Ltext6                      text6        000000
__Ltext7                      text7        000000
__Ltext8                      text8        000000
__Ltext9                      text9        000000
__S0                          (abs)        000F8A
__S1                          (abs)        000080
__S4                          (abs)        000000
__S5                          (abs)        000000
___awdiv                      text8        000B80
___awdiv@counter              cstackCOMRAM 000005
___awdiv@dividend             cstackCOMRAM 000001
___awdiv@divisor              cstackCOMRAM 000003
___awdiv@quotient             cstackCOMRAM 000007
___awdiv@sign                 cstackCOMRAM 000006
___awmod                      text7        000C42
___awmod@counter              cstackCOMRAM 000005
___awmod@dividend             cstackCOMRAM 000001
___awmod@divisor              cstackCOMRAM 000003
___awmod@sign                 cstackCOMRAM 000006
___heap_hi                    (abs)        000000
___heap_lo                    (abs)        000000
___inthi_sp                   stack        000000
___inthi_stack_hi             stack        000000
___inthi_stack_lo             stack        000000
___intlo_sp                   stack        000000
___intlo_stack_hi             stack        000000
___intlo_stack_lo             stack        000000
___param_bank                 (abs)        000000
___rparam_used                (abs)        000001
___sp                         stack        000000
___stack_hi                   stack        000000
___stack_lo                   stack        000000
__accesstop                   (abs)        000060
__activetblptr                (abs)        000002
__end_of_SoftUSART_Init       text12       000F88
__end_of_SoftUSART_RxChar     text11       000E02
__end_of_SoftUSART_SendString text9        000E60
__end_of_SoftUSART_TxChar     text10       000EBA
__end_of___awdiv              text8        000C42
__end_of___awmod              text7        000CF0
__end_of__initialization      cinit        000F76
__end_of_abs                  text6        000F60
__end_of_fputc                text4        000D9A
__end_of_main                 text0        000B80
__end_of_putch                text5        000F8A
__end_of_sprintf              text1        000F2C
__end_of_vfpfcnvrt            text3        000A80
__end_of_vfprintf             text2        000EF8
__initialization              cinit        000F60
__mediumconst                 mediumconst  000000
__pbssBANK0                   bssBANK0     000060
__pbssCOMRAM                  bssCOMRAM    00004F
__pcinit                      cinit        000F60
__pcstackCOMRAM               cstackCOMRAM 000001
__psmallconst                 smallconst   000800
__ptext0                      text0        000A80
__ptext1                      text1        000EF8
__ptext10                     text10       000E60
__ptext11                     text11       000D9A
__ptext12                     text12       000F80
__ptext2                      text2        000EBA
__ptext3                      text3        000878
__ptext4                      text4        000CF0
__ptext5                      text5        000F88
__ptext6                      text6        000F2C
__ptext7                      text7        000C42
__ptext8                      text8        000B80
__ptext9                      text9        000E02
__ramtop                      ramtop       000800
__smallconst                  smallconst   000800
_abs                          text6        000F2C
_dbuf                         bssBANK0     000060
_flags                        bssCOMRAM    000053
_fputc                        text4        000CF0
_main                         text0        000A80
_prec                         bssCOMRAM    000051
_putch                        text5        000F88
_sprintf                      text1        000EF8
_vfpfcnvrt                    text3        000878
_vfprintf                     text2        000EBA
_width                        bssCOMRAM    00004F
abs@a                         cstackCOMRAM 000007
end_of_initialization         cinit        000F76
fputc@c                       cstackCOMRAM 000001
fputc@fp                      cstackCOMRAM 000003
intlevel0                     text         000000
intlevel1                     text         000000
intlevel2                     text         000000
intlevel3                     text         000000
isa$std                       (abs)        000001
isa$xinst                     (abs)        000000
main@buf                      cstackCOMRAM 00002E
main@dato                     cstackCOMRAM 00004E
sprintf@ap                    cstackCOMRAM 000020
sprintf@f                     cstackCOMRAM 000021
sprintf@fmt                   cstackCOMRAM 00001B
sprintf@s                     cstackCOMRAM 00001A
stackhi                       (abs)        000000
stacklo                       (abs)        000000
start                         init         000000
start_initialization          cinit        000F60
vfpfcnvrt@ap                  cstackCOMRAM 00000D
vfpfcnvrt@c                   cstackCOMRAM 000015
vfpfcnvrt@convarg             cstackCOMRAM 000011
vfpfcnvrt@cp                  cstackCOMRAM 000010
vfpfcnvrt@done                cstackCOMRAM 00000F
vfpfcnvrt@fmt                 cstackCOMRAM 00000C
vfpfcnvrt@fp                  cstackCOMRAM 00000B
vfprintf@ap                   cstackCOMRAM 000018
vfprintf@cfmt                 cstackCOMRAM 000019
vfprintf@fmt                  cstackCOMRAM 000017
vfprintf@fp                   cstackCOMRAM 000016


MODULE INFORMATION

Module		Function		Class		Link	Load	Size
USART_Source_File.c
		_SoftUSART_RxChar		CODE           	0D9A	0000	104
		_SoftUSART_TxChar		CODE           	0E60	0000	90
		_SoftUSART_SendString		CODE           	0E02	0000	94
		_SoftUSART_Init		CODE           	0F80	0000	8

USART_Source_File.c estimated size: 296

C:\Program Files\Microchip\xc8\v2.50\pic\sources\c99\common\awmod.c
		___awmod       		CODE           	0C42	0000	174

C:\Program Files\Microchip\xc8\v2.50\pic\sources\c99\common\awmod.c estimated size: 174

C:\Program Files\Microchip\xc8\v2.50\pic\sources\c99\common\putch.c
		_putch         		CODE           	0F88	0000	2

C:\Program Files\Microchip\xc8\v2.50\pic\sources\c99\common\putch.c estimated size: 2

C:\Program Files\Microchip\xc8\v2.50\pic\sources\c99\common\abs.c
		_abs           		CODE           	0F2C	0000	52

C:\Program Files\Microchip\xc8\v2.50\pic\sources\c99\common\abs.c estimated size: 52

C:\Program Files\Microchip\xc8\v2.50\pic\sources\c99\common\nf_sprintf.c
		_sprintf       		CODE           	0EF8	0000	52

C:\Program Files\Microchip\xc8\v2.50\pic\sources\c99\common\nf_sprintf.c estimated size: 52

C:\Program Files\Microchip\xc8\v2.50\pic\sources\c99\common\nf_fputc.c
		_fputc         		CODE           	0CF0	0000	170

C:\Program Files\Microchip\xc8\v2.50\pic\sources\c99\common\nf_fputc.c estimated size: 170

shared
		__initialization		CODE           	0F60	0000	22

shared estimated size: 22

C:\Program Files\Microchip\xc8\v2.50\pic\sources\c99\common\awdiv.c
		___awdiv       		CODE           	0B80	0000	194

C:\Program Files\Microchip\xc8\v2.50\pic\sources\c99\common\awdiv.c estimated size: 194

C:\Program Files\Microchip\xc8\v2.50\pic\sources\c99\common\doprnt.c
		_vfpfcnvrt     		CODE           	0878	0000	520
		_vfprintf      		CODE           	0EBA	0000	62

C:\Program Files\Microchip\xc8\v2.50\pic\sources\c99\common\doprnt.c estimated size: 582

MAIN.c
		_main          		CODE           	0A80	0000	256

MAIN.c estimated size: 256

