MPLINK 5.09, LINKER
Linker Map File - Created Wed Feb 26 19:29:03 2025

                                 Section Info
                  Section       Type    Address   Location Size(Bytes)
                ---------  ---------  ---------  ---------  ---------
                   .org_0       code   0x000000    program   0x000054
                   .cinit    romdata   0x000054    program   0x000002
.config_300000_BUILD/DEFAULT/PRODUCTION/MAIN.O    romdata   0x300000    program   0x000001
.config_300001_BUILD/DEFAULT/PRODUCTION/MAIN.O    romdata   0x300001    program   0x000001
.config_300003_BUILD/DEFAULT/PRODUCTION/MAIN.O    romdata   0x300003    program   0x000001
.config_300006_BUILD/DEFAULT/PRODUCTION/MAIN.O    romdata   0x300006    program   0x000001



                              Program Memory Usage 
                               Start         End      
                           ---------   ---------      
                            0x000000    0x000055      
                            0x300000    0x300001      
                            0x300003    0x300003      
                            0x300006    0x300006      
            90 out of 33048 program addresses used, program memory utilization is 0%



                              Symbols - Sorted by Name
                     Name    Address   Location    Storage File                     
                ---------  ---------  ---------  --------- ---------                
                   INICIO   0x000004    program     static C:\MPLab\led5s.X\main.asm
                MAIN_LOOP   0x00000e    program     static C:\MPLab\led5s.X\main.asm
               RETARDO_1S   0x00003e    program     static C:\MPLab\led5s.X\main.asm
               RETARDO_2S   0x00002e    program     static C:\MPLab\led5s.X\main.asm
          RETARDO_2S_LOOP   0x000032    program     static C:\MPLab\led5s.X\main.asm
               RETARDO_5S   0x00001e    program     static C:\MPLab\led5s.X\main.asm
          RETARDO_5S_LOOP   0x000022    program     static C:\MPLab\led5s.X\main.asm
            RETARDO_LOOP1   0x000042    program     static C:\MPLab\led5s.X\main.asm
            RETARDO_LOOP2   0x000046    program     static C:\MPLab\led5s.X\main.asm



                              Symbols - Sorted by Address
                     Name    Address   Location    Storage File                     
                ---------  ---------  ---------  --------- ---------                
                   INICIO   0x000004    program     static C:\MPLab\led5s.X\main.asm
                MAIN_LOOP   0x00000e    program     static C:\MPLab\led5s.X\main.asm
               RETARDO_5S   0x00001e    program     static C:\MPLab\led5s.X\main.asm
          RETARDO_5S_LOOP   0x000022    program     static C:\MPLab\led5s.X\main.asm
               RETARDO_2S   0x00002e    program     static C:\MPLab\led5s.X\main.asm
          RETARDO_2S_LOOP   0x000032    program     static C:\MPLab\led5s.X\main.asm
               RETARDO_1S   0x00003e    program     static C:\MPLab\led5s.X\main.asm
            RETARDO_LOOP1   0x000042    program     static C:\MPLab\led5s.X\main.asm
            RETARDO_LOOP2   0x000046    program     static C:\MPLab\led5s.X\main.asm


