MPLINK 5.09, LINKER
Linker Map File - Created Thu Feb 27 12:42:23 2025

                                 Section Info
                  Section       Type    Address   Location Size(Bytes)
                ---------  ---------  ---------  ---------  ---------
                   .org_0       code   0x000000    program   0x00004a
                   .cinit    romdata   0x00004a    program   0x000002
.config_300000_BUILD/DEFAULT/PRODUCTION/MAIN.O    romdata   0x300000    program   0x000001
.config_300001_BUILD/DEFAULT/PRODUCTION/MAIN.O    romdata   0x300001    program   0x000001
.config_300002_BUILD/DEFAULT/PRODUCTION/MAIN.O    romdata   0x300002    program   0x000001
.config_300003_BUILD/DEFAULT/PRODUCTION/MAIN.O    romdata   0x300003    program   0x000001
.config_300005_BUILD/DEFAULT/PRODUCTION/MAIN.O    romdata   0x300005    program   0x000001
.config_300006_BUILD/DEFAULT/PRODUCTION/MAIN.O    romdata   0x300006    program   0x000001
.config_300008_BUILD/DEFAULT/PRODUCTION/MAIN.O    romdata   0x300008    program   0x000001
.config_300009_BUILD/DEFAULT/PRODUCTION/MAIN.O    romdata   0x300009    program   0x000001
.config_30000A_BUILD/DEFAULT/PRODUCTION/MAIN.O    romdata   0x30000a    program   0x000001
.config_30000B_BUILD/DEFAULT/PRODUCTION/MAIN.O    romdata   0x30000b    program   0x000001
.config_30000C_BUILD/DEFAULT/PRODUCTION/MAIN.O    romdata   0x30000c    program   0x000001
.config_30000D_BUILD/DEFAULT/PRODUCTION/MAIN.O    romdata   0x30000d    program   0x000001



                              Program Memory Usage 
                               Start         End      
                           ---------   ---------      
                            0x000000    0x00004b      
                            0x300000    0x300003      
                            0x300005    0x300006      
                            0x300008    0x30000d      
            88 out of 33048 program addresses used, program memory utilization is 0%



                              Symbols - Sorted by Name
                     Name    Address   Location    Storage File                     
                ---------  ---------  ---------  --------- ---------                
                    CICLO   0x000014    program     static C:\Users\danis\OneDrive\Escritorio\ledss.X\main.asm
                   INICIO   0x000004    program     static C:\Users\danis\OneDrive\Escritorio\ledss.X\main.asm
               RETARDO_2S   0x00002e    program     static C:\Users\danis\OneDrive\Escritorio\ledss.X\main.asm
               RETARDO_5S   0x000024    program     static C:\Users\danis\OneDrive\Escritorio\ledss.X\main.asm
             RETARDO_LOOP   0x00003a    program     static C:\Users\danis\OneDrive\Escritorio\ledss.X\main.asm
           RETARDO_TIMER0   0x000038    program     static C:\Users\danis\OneDrive\Escritorio\ledss.X\main.asm



                              Symbols - Sorted by Address
                     Name    Address   Location    Storage File                     
                ---------  ---------  ---------  --------- ---------                
                   INICIO   0x000004    program     static C:\Users\danis\OneDrive\Escritorio\ledss.X\main.asm
                    CICLO   0x000014    program     static C:\Users\danis\OneDrive\Escritorio\ledss.X\main.asm
               RETARDO_5S   0x000024    program     static C:\Users\danis\OneDrive\Escritorio\ledss.X\main.asm
               RETARDO_2S   0x00002e    program     static C:\Users\danis\OneDrive\Escritorio\ledss.X\main.asm
           RETARDO_TIMER0   0x000038    program     static C:\Users\danis\OneDrive\Escritorio\ledss.X\main.asm
             RETARDO_LOOP   0x00003a    program     static C:\Users\danis\OneDrive\Escritorio\ledss.X\main.asm


