Microchip MPLAB XC8 Compiler V2.45

Linker command line:

-W-3 \
  --edf=C:\Program Files\Microchip\xc8\v2.45\pic\dat\20230818022343_en.msgs \
  -cn -h+dist/default/production\RTC.X.production.sym \
  --cmf=dist/default/production\RTC.X.production.cmf -z -Q18F4550 \
  -oC:\Users\ESTUDI~1\AppData\Local\Temp\xcAs1f4.\driver_tmp_3.o \
  --defsym=__MPLAB_BUILD=1 --fixupoverflow=error \
  -Mdist/default/production/RTC.X.production.map \
  --md=C:\Users\ESTUDI~1\AppData\Local\Temp\xcAs1f4.\driver_tmp_0.dat -E1 \
  -ver=XC8 Compiler --acfsm=1493 -ACODE=00h-07FFFh -ACONST=00h-07FFFh \
  -ASMALLCONST=0800h-08FFhx120 -AMEDIUMCONST=0800h-07FFFh -ACOMRAM=01h-05Fh \
  -AABS1=00h-07FFh -ABIGRAM=01h-07FFh -ARAM=060h-0FFh,0100h-01FFhx7 \
  -ABANK0=060h-0FFh -ABANK1=0100h-01FFh -ABANK2=0200h-02FFh \
  -ABANK3=0300h-03FFh -ABANK4=0400h-04FFh -ABANK5=0500h-05FFh \
  -ABANK6=0600h-06FFh -ABANK7=0700h-07FFh -ASFR=0F60h-0FFFh \
  -ABIGSFR=0F60h-0FFFh -ACONFIG=0300000h-030000Dh -AIDLOC=0200000h-0200007h \
  -AEEDATA=0F00000h-0F000FFh -peeprom_data=EEDATA \
  -preset_vec=00h,intcode,intcodelo,powerup,init -pramtop=0800h \
  -psmallconst=SMALLCONST -pmediumconst=MEDIUMCONST -pconst=CONST \
  -AFARRAM=00h-00h \
  -prdata=COMRAM,nvrram=COMRAM,nvbit=COMRAM,rbss=COMRAM,rbit=COMRAM \
  -pfarbss=FARRAM,fardata=FARRAM,nvFARRAM=FARRAM \
  -pintsave_regs=BIGRAM,bigbss=BIGRAM,bigdata=BIGRAM -pbss=RAM \
  -pidata=CODE,irdata=CODE,ibigdata=CODE,ifardata=CODE -prparam=COMRAM \
  C:\Users\ESTUDI~1\AppData\Local\Temp\xcAs1f4.\driver_tmp_9.o \
  dist/default/production\RTC.X.production.o 

Object code version is 3.11

Machine type is 18F4550



                Name                               Link     Load   Length Selector   Space Scale
C:\Users\ESTUDI~1\AppData\Local\Temp\xcAs1f4.\driver_tmp_9.o
                idloc                            200000   200000        8        0       5
                config                           300000   300000        E        0       4
                init                                  0        0        4        0       0
dist/default/production\RTC.X.production.o
                idloc                            200000   200000        8        0       5
                config                           300000   300000        E        0       4
                smallconst                          800      800        E      400       0
                text17                              CC2      CC2       54      407       0
                text16                              E50      E50       18      407       0
                text15                              DA6      DA6       34      407       0
                text14                              C6E      C6E       54      407       0
                text13                              B60      B60       5E      407       0
                text12                              D16      D16       52      407       0
                text11                              D68      D68       3E      407       0
                text10                              EB4      EB4       12      407       0
                text9                               EA2      EA2       12      407       0
                text8                               DDA      DDA       2C      407       0
                text7                               E68      E68       16      407       0
                text6                               C18      C18       56      407       0
                text5                               BBE      BBE       5A      407       0
                text4                               E90      E90       12      407       0
                text3                               E30      E30       20      407       0
                text2                               9EC      9EC       C4      407       0
                text1                               AB0      AB0       B0      407       0
                text0                               80E      80E      1DE      407       0
                cstackCOMRAM                          1        1       27        1       1
                dataCOMRAM                           28       28       12        1       1
                cinit                               E06      E06       2A      407       0
                idataCOMRAM                         E7E      E7E       12      407       0

TOTAL           Name                               Link     Load   Length     Space
        CLASS   CODE           
                init                                  0        0        4         0
                text17                              CC2      CC2       54         0
                text16                              E50      E50       18         0
                text15                              DA6      DA6       34         0
                text14                              C6E      C6E       54         0
                text13                              B60      B60       5E         0
                text12                              D16      D16       52         0
                text11                              D68      D68       3E         0
                text10                              EB4      EB4       12         0
                text9                               EA2      EA2       12         0
                text8                               DDA      DDA       2C         0
                text7                               E68      E68       16         0
                text6                               C18      C18       56         0
                text5                               BBE      BBE       5A         0
                text4                               E90      E90       12         0
                text3                               E30      E30       20         0
                text2                               9EC      9EC       C4         0
                text1                               AB0      AB0       B0         0
                text0                               80E      80E      1DE         0
                cinit                               E06      E06       2A         0
                idataCOMRAM                         E7E      E7E       12         0

        CLASS   CONST          

        CLASS   SMALLCONST     
                smallconst                          800      800        E         0

        CLASS   MEDIUMCONST    

        CLASS   COMRAM         
                cstackCOMRAM                          1        1       27         1
                dataCOMRAM                           28       28       12         1

        CLASS   ABS1           

        CLASS   BIGRAM         

        CLASS   RAM            

        CLASS   BANK0          

        CLASS   BANK1          

        CLASS   BANK2          

        CLASS   BANK3          

        CLASS   BANK4          

        CLASS   BANK5          

        CLASS   BANK6          

        CLASS   BANK7          

        CLASS   SFR            

        CLASS   BIGSFR         

        CLASS   CONFIG         
                config                           300000   300000        E         4

        CLASS   IDLOC          
                idloc                            200000   200000        8         5

        CLASS   EEDATA         

        CLASS   FARRAM         

        CLASS   HEAP           

        CLASS   STACK          



SEGMENTS        Name                           Load    Length   Top    Selector   Space  Class

                reset_vec                      000000  000004  000004         0       0  CODE    
                cstackCOMRAM                   000001  000039  00003A         1       1  COMRAM  
                smallconst                     000800  00000E  00080E       400       0  SMALLCON
                text0                          00080E  0006B8  000EC6       407       0  CODE    


UNUSED ADDRESS RANGES

        Name                Unused          Largest block    Delta
        BANK0            000060-0000FF               A0
        BANK1            000100-0001FF              100
        BANK2            000200-0002FF              100
        BANK3            000300-0003FF              100
        BANK4            000400-0004FF              100
        BANK5            000500-0005FF              100
        BANK6            000600-0006FF              100
        BANK7            000700-0007FF              100
        BIGRAM           00003A-0007FF              7C6
        BIGSFR           000F60-000FFF               A0
        CODE             000004-0007FF              7FC
                         000EC6-007FFF             713A
        COMRAM           00003A-00005F               26
        CONST            000004-0007FF              7FC
                         000EC6-007FFF             713A
        EEDATA           F00000-F000FF              100
        MEDIUMCONST      000EC6-007FFF             713A
        RAM              000060-0007FF              100
        SFR              000F60-000FFF               A0
        SMALLCONST       000EC6-007FFF              100

                                  Symbol Table

?___awdiv                cstackCOMRAM 000001
?___awmod                cstackCOMRAM 000001
I2C_Read@ack             cstackCOMRAM 000001
I2C_Read@data            cstackCOMRAM 000002
I2C_Write@data           cstackCOMRAM 000002
LCD_Char@dat             cstackCOMRAM 000002
LCD_Command@cmd          cstackCOMRAM 000002
LCD_String@msg           cstackCOMRAM 000003
LCD_String_xy@location   cstackCOMRAM 00000D
LCD_String_xy@msg        cstackCOMRAM 000006
LCD_String_xy@pos        cstackCOMRAM 000005
LCD_String_xy@row        cstackCOMRAM 00000A
RTC_GetDate@date         cstackCOMRAM 000003
RTC_GetDate@month        cstackCOMRAM 000004
RTC_GetDate@year         cstackCOMRAM 000005
RTC_GetTime@hour         cstackCOMRAM 000003
RTC_GetTime@min          cstackCOMRAM 000004
RTC_GetTime@sec          cstackCOMRAM 000005
_ACKDT                   (abs)        007E2D
_ACKEN                   (abs)        007E2C
_BF                      (abs)        007E38
_I2C_Init                text4        000E90
_I2C_Read                text11       000D68
_I2C_Start               text10       000EB4
_I2C_Stop                text9        000EA2
_I2C_Write               text8        000DDA
_LATD                    (abs)        000F8C
_LATD0                   (abs)        007C60
_LATD1                   (abs)        007C61
_LCD_Char                text14       000C6E
_LCD_Clear               text16       000E50
_LCD_Command             text17       000CC2
_LCD_Init                text15       000DA6
_LCD_String              text13       000B60
_LCD_String_xy           text12       000D16
_LCD_String_xy$56        cstackCOMRAM 00000B
_OSCCON                  (abs)        000FD3
_PEN                     (abs)        007E2A
_RCEN                    (abs)        007E2B
_RTC_GetDate             text6        000C18
_RTC_GetTime             text5        000BBE
_RTC_Init                text3        000E30
_SEN                     (abs)        007E28
_SSPADD                  (abs)        000FC8
_SSPBUF                  (abs)        000FC9
_SSPCON1                 (abs)        000FC6
_SSPCON2                 (abs)        000FC5
_SSPSTAT                 (abs)        000FC7
_TRISB0                  (abs)        007C98
_TRISB1                  (abs)        007C99
_TRISD                   (abs)        000F95
__HRAM                   (abs)        000000
__H__absolute__          __absolute__ 000000
__Habs1                  abs1         000000
__Hbank0                 bank0        000000
__Hbank1                 bank1        000000
__Hbank2                 bank2        000000
__Hbank3                 bank3        000000
__Hbank4                 bank4        000000
__Hbank5                 bank5        000000
__Hbank6                 bank6        000000
__Hbank7                 bank7        000000
__Hbigbss                bigbss       000000
__Hbigdata               bigdata      000000
__Hbigram                bigram       000000
__Hbigsfr                bigsfr       000000
__Hbss                   bss          000000
__Hcinit                 cinit        000000
__Hclrtext               clrtext      000000
__Hcomram                comram       000000
__Hconfig                config       30000E
__Hconst                 const        000000
__HcstackCOMRAM          cstackCOMRAM 000000
__Hdata                  data         000000
__HdataCOMRAM            dataCOMRAM   000000
__Heeprom_data           eeprom_data  000000
__Hfarbss                farbss       000000
__Hfardata               fardata      000000
__Hheap                  heap         000000
__Hibigdata              ibigdata     000000
__Hidata                 idata        000000
__HidataCOMRAM           idataCOMRAM  000000
__Hidloc                 idloc        200008
__Hifardata              ifardata     000000
__Hinit                  init         000004
__Hintcode               intcode      000000
__Hintcode_body          intcode_body 000000
__Hintcodelo             intcodelo    000000
__Hintentry              intentry     000000
__Hintret                intret       000000
__Hintsave_regs          intsave_regs 000000
__Hirdata                irdata       000000
__Hmediumconst           mediumconst  000000
__HnvFARRAM              nvFARRAM     000000
__Hnvbit                 nvbit        000000
__Hnvrram                nvrram       000000
__Hparam                 rparam       000000
__Hpowerup               powerup      000000
__Hram                   ram          000000
__Hramtop                ramtop       000800
__Hrbit                  rbit         000000
__Hrbss                  rbss         000000
__Hrdata                 rdata        000000
__Hreset_vec             reset_vec    000000
__Hrparam                rparam       000000
__Hsfr                   sfr          000000
__Hsmallconst            smallconst   00080E
__Hspace_0               (abs)        000EC6
__Hspace_1               (abs)        00003A
__Hspace_2               (abs)        000000
__Hspace_4               (abs)        60000E
__Hstack                 stack        000000
__Hstruct                struct       000000
__Htemp                  temp         000000
__Htext                  text         000000
__Htext0                 text0        000000
__Htext1                 text1        000000
__Htext10                text10       000000
__Htext11                text11       000000
__Htext12                text12       000000
__Htext13                text13       000000
__Htext14                text14       000000
__Htext15                text15       000000
__Htext16                text16       000000
__Htext17                text17       000000
__Htext2                 text2        000000
__Htext3                 text3        000000
__Htext4                 text4        000000
__Htext5                 text5        000000
__Htext6                 text6        000000
__Htext7                 text7        000000
__Htext8                 text8        000000
__Htext9                 text9        000000
__LRAM                   (abs)        000001
__L__absolute__          __absolute__ 000000
__Labs1                  abs1         000000
__Lbank0                 bank0        000000
__Lbank1                 bank1        000000
__Lbank2                 bank2        000000
__Lbank3                 bank3        000000
__Lbank4                 bank4        000000
__Lbank5                 bank5        000000
__Lbank6                 bank6        000000
__Lbank7                 bank7        000000
__Lbigbss                bigbss       000000
__Lbigdata               bigdata      000000
__Lbigram                bigram       000000
__Lbigsfr                bigsfr       000000
__Lbss                   bss          000000
__Lcinit                 cinit        000000
__Lclrtext               clrtext      000000
__Lcomram                comram       000000
__Lconfig                config       000000
__Lconst                 const        000000
__LcstackCOMRAM          cstackCOMRAM 000000
__Ldata                  data         000000
__LdataCOMRAM            dataCOMRAM   000000
__Leeprom_data           eeprom_data  000000
__Lfarbss                farbss       000000
__Lfardata               fardata      000000
__Lheap                  heap         000000
__Libigdata              ibigdata     000000
__Lidata                 idata        000000
__LidataCOMRAM           idataCOMRAM  000000
__Lidloc                 idloc        000000
__Lifardata              ifardata     000000
__Linit                  init         000000
__Lintcode               intcode      000000
__Lintcode_body          intcode_body 000000
__Lintcodelo             intcodelo    000000
__Lintentry              intentry     000000
__Lintret                intret       000000
__Lintsave_regs          intsave_regs 000000
__Lirdata                irdata       000000
__Lmediumconst           mediumconst  000000
__LnvFARRAM              nvFARRAM     000000
__Lnvbit                 nvbit        000000
__Lnvrram                nvrram       000000
__Lparam                 rparam       000000
__Lpowerup               powerup      000000
__Lram                   ram          000000
__Lramtop                ramtop       000800
__Lrbit                  rbit         000000
__Lrbss                  rbss         000000
__Lrdata                 rdata        000000
__Lreset_vec             reset_vec    000000
__Lrparam                rparam       000000
__Lsfr                   sfr          000000
__Lsmallconst            smallconst   000800
__Lspace_0               (abs)        000000
__Lspace_1               (abs)        000000
__Lspace_2               (abs)        000000
__Lspace_4               (abs)        000000
__Lstack                 stack        000000
__Lstruct                struct       000000
__Ltemp                  temp         000000
__Ltext                  text         000000
__Ltext0                 text0        000000
__Ltext1                 text1        000000
__Ltext10                text10       000000
__Ltext11                text11       000000
__Ltext12                text12       000000
__Ltext13                text13       000000
__Ltext14                text14       000000
__Ltext15                text15       000000
__Ltext16                text16       000000
__Ltext17                text17       000000
__Ltext2                 text2        000000
__Ltext3                 text3        000000
__Ltext4                 text4        000000
__Ltext5                 text5        000000
__Ltext6                 text6        000000
__Ltext7                 text7        000000
__Ltext8                 text8        000000
__Ltext9                 text9        000000
__S0                     (abs)        000EC6
__S1                     (abs)        00003A
__S4                     (abs)        000000
__S5                     (abs)        000000
___awdiv                 text2        0009EC
___awdiv@counter         cstackCOMRAM 000005
___awdiv@dividend        cstackCOMRAM 000001
___awdiv@divisor         cstackCOMRAM 000003
___awdiv@quotient        cstackCOMRAM 000007
___awdiv@sign            cstackCOMRAM 000006
___awmod                 text1        000AB0
___awmod@counter         cstackCOMRAM 000005
___awmod@dividend        cstackCOMRAM 000001
___awmod@divisor         cstackCOMRAM 000003
___awmod@sign            cstackCOMRAM 000006
___heap_hi               (abs)        000000
___heap_lo               (abs)        000000
___inthi_sp              stack        000000
___inthi_stack_hi        stack        000000
___inthi_stack_lo        stack        000000
___intlo_sp              stack        000000
___intlo_stack_hi        stack        000000
___intlo_stack_lo        stack        000000
___param_bank            (abs)        000000
___rparam_used           (abs)        000001
___sp                    stack        000000
___stack_hi              stack        000000
___stack_lo              stack        000000
__accesstop              (abs)        000060
__activetblptr           (abs)        000002
__end_of_I2C_Init        text4        000EA2
__end_of_I2C_Read        text11       000DA6
__end_of_I2C_Start       text10       000EC6
__end_of_I2C_Stop        text9        000EB4
__end_of_I2C_Write       text8        000E06
__end_of_LCD_Char        text14       000CC2
__end_of_LCD_Clear       text16       000E68
__end_of_LCD_Command     text17       000D16
__end_of_LCD_Init        text15       000DDA
__end_of_LCD_String      text13       000BBE
__end_of_LCD_String_xy   text12       000D68
__end_of_RTC_GetDate     text6        000C6E
__end_of_RTC_GetTime     text5        000C18
__end_of_RTC_Init        text3        000E50
__end_of___awdiv         text2        000AB0
__end_of___awmod         text1        000B60
__end_of__initialization cinit        000E26
__end_of_bcdToDec        text7        000E7E
__end_of_main            text0        0009EC
__initialization         cinit        000E06
__mediumconst            mediumconst  000000
__pcinit                 cinit        000E06
__pcstackCOMRAM          cstackCOMRAM 000001
__pdataCOMRAM            dataCOMRAM   000028
__pidataCOMRAM           idataCOMRAM  000E7E
__psmallconst            smallconst   000800
__ptext0                 text0        00080E
__ptext1                 text1        000AB0
__ptext10                text10       000EB4
__ptext11                text11       000D68
__ptext12                text12       000D16
__ptext13                text13       000B60
__ptext14                text14       000C6E
__ptext15                text15       000DA6
__ptext16                text16       000E50
__ptext17                text17       000CC2
__ptext2                 text2        0009EC
__ptext3                 text3        000E30
__ptext4                 text4        000E90
__ptext5                 text5        000BBE
__ptext6                 text6        000C18
__ptext7                 text7        000E68
__ptext8                 text8        000DDA
__ptext9                 text9        000EA2
__ramtop                 ramtop       000800
__smallconst             smallconst   000800
_bcdToDec                text7        000E68
_main                    text0        00080E
bcdToDec@val             cstackCOMRAM 000002
end_of_initialization    cinit        000E26
intlevel0                text         000000
intlevel1                text         000000
intlevel2                text         000000
intlevel3                text         000000
isa$std                  (abs)        000001
isa$xinst                (abs)        000000
main@F3249               dataCOMRAM   000031
main@F3251               dataCOMRAM   000028
main@date                cstackCOMRAM 000025
main@date_str            cstackCOMRAM 000019
main@hour                cstackCOMRAM 000022
main@min                 cstackCOMRAM 000023
main@month               cstackCOMRAM 000026
main@sec                 cstackCOMRAM 000024
main@time_str            cstackCOMRAM 000010
main@year                cstackCOMRAM 000027
stackhi                  (abs)        000000
stacklo                  (abs)        000000
start                    init         000000
start_initialization     cinit        000E06


MODULE INFORMATION

Module		Function		Class		Link	Load	Size
C:\Program Files\Microchip\xc8\v2.45\pic\sources\c99\common\awmod.c
		___awmod       		CODE           	0AB0	0000	176

C:\Program Files\Microchip\xc8\v2.45\pic\sources\c99\common\awmod.c estimated size: 176

shared
		__initialization		CODE           	0E06	0000	32

shared estimated size: 32

main.c
		_main          		CODE           	080E	0000	478

main.c estimated size: 478

RTC.c
		_I2C_Write     		CODE           	0DDA	0000	44
		_RTC_Init      		CODE           	0E30	0000	32
		_I2C_Stop      		CODE           	0EA2	0000	18
		_I2C_Read      		CODE           	0D68	0000	62
		_RTC_GetDate   		CODE           	0C18	0000	86
		_RTC_GetTime   		CODE           	0BBE	0000	90
		_I2C_Init      		CODE           	0E90	0000	18
		_bcdToDec      		CODE           	0E68	0000	22
		_I2C_Start     		CODE           	0EB4	0000	18

RTC.c estimated size: 390

C:\Program Files\Microchip\xc8\v2.45\pic\sources\c99\common\awdiv.c
		___awdiv       		CODE           	09EC	0000	196

C:\Program Files\Microchip\xc8\v2.45\pic\sources\c99\common\awdiv.c estimated size: 196

LCD.c
		_LCD_String    		CODE           	0B60	0000	94
		_LCD_Init      		CODE           	0DA6	0000	52
		_LCD_Command   		CODE           	0CC2	0000	84
		_LCD_String_xy 		CODE           	0D16	0000	82
		_LCD_Char      		CODE           	0C6E	0000	84
		_LCD_Clear     		CODE           	0E50	0000	24

LCD.c estimated size: 420

