Microchip MPLAB XC8 Compiler V2.50

Linker command line:

-W-3 \
  --edf=C:\Program Files\Microchip\xc8\v2.50\pic\dat\20240725155939_en.msgs \
  -cn -h+dist/default/production\RTC.X.production.sym \
  --cmf=dist/default/production\RTC.X.production.cmf -z -Q18F4550 \
  -oC:\Users\danis\AppData\Local\Temp\xcAsh84.\driver_tmp_3.o \
  --defsym=__MPLAB_BUILD=1 --fixupoverflow=error \
  -Mdist/default/production/RTC.X.production.map \
  --md=C:\Users\danis\AppData\Local\Temp\xcAsh84.\driver_tmp_0.dat -E1 \
  -ver=XC8 Compiler --acfsm=1493 -ACODE=00h-07FFFh -ACONST=00h-07FFFh \
  -ASMALLCONST=0800h-08FFhx120 -AMEDIUMCONST=0800h-07FFFh -ACOMRAM=01h-05Fh \
  -AABS1=00h-07FFh -ABIGRAM=01h-07FFh -ARAM=060h-0FFh,0100h-01FFhx7 \
  -ABANK0=060h-0FFh -ABANK1=0100h-01FFh -ABANK2=0200h-02FFh \
  -ABANK3=0300h-03FFh -ABANK4=0400h-04FFh -ABANK5=0500h-05FFh \
  -ABANK6=0600h-06FFh -ABANK7=0700h-07FFh -ASFR=0F60h-0FFFh \
  -ABIGSFR=0F60h-0FFFh -ACONFIG=0300000h-030000Dh -AIDLOC=0200000h-0200007h \
  -AEEDATA=0F00000h-0F000FFh -peeprom_data=EEDATA \
  -preset_vec=00h,intcode,sivt_hi,intcodelo,sivt_lo,powerup,init \
  -pramtop=0800h -psmallconst=SMALLCONST -pmediumconst=MEDIUMCONST \
  -pconst=CONST -AFARRAM=00h-00h \
  -prdata=COMRAM,nvrram=COMRAM,nvbit=COMRAM,rbss=COMRAM,rbit=COMRAM \
  -pfarbss=FARRAM,fardata=FARRAM,nvFARRAM=FARRAM \
  -pintsave_regs=BIGRAM,bigbss=BIGRAM,bigdata=BIGRAM -pbss=RAM \
  -pidata=CODE,irdata=CODE,ibigdata=CODE,ifardata=CODE -prparam=COMRAM \
  C:\Users\danis\AppData\Local\Temp\xcAsh84.\driver_tmp_14.o \
  dist/default/production\RTC.X.production.o 

Object code version is 3.11

Machine type is 18F4550



                Name                               Link     Load   Length Selector   Space Scale
C:\Users\danis\AppData\Local\Temp\xcAsh84.\driver_tmp_14.o
                idloc                            200000   200000        8        0       5
                config                           300000   300000        E        0       4
                init                                  0        0        4        0       0
dist/default/production\RTC.X.production.o
                idloc                            200000   200000        8        0       5
                config                           300000   300000        E        0       4
                smallconst                          800      800       4C      400       0
                text31                             10F0     10F0       A4      426       0
                text30                             127C     127C       58      426       0
                text29                             1328     1328       54      426       0
                text28                             151C     151C       32      426       0
                text27                             15AC     15AC       16      426       0
                text26                             154E     154E       26      426       0
                text25                             147E     147E       36      426       0
                text24                             15E0     15E0        8      426       0
                text23                             15D8     15D8        8      426       0
                text22                             15D0     15D0        8      426       0
                text21                             15C2     15C2        E      426       0
                text20                              C02      C02       DA      426       0
                text19                             1594     1594       18      426       0
                text18                             12D4     12D4       54      426       0
                text17                             121E     121E       5E      426       0
                text16                             137C     137C       52      426       0
                text15                              D9E      D9E       B2      426       0
                text14                              CDC      CDC       C2      426       0
                text13                              E50      E50       AE      426       0
                text12                             1448     1448       36      426       0
                text11                             104C     104C       A4      426       0
                text10                             14E8     14E8       34      426       0
                text9                              15E8     15E8        2      426       0
                text8                               EFE      EFE       AA      426       0
                text7                              140C     140C       3C      426       0
                text6                              1194     1194       8A      426       0
                text5                               84C      84C      164      426       0
                text4                               FA8      FA8       A4      426       0
                text3                               9B0      9B0      158      426       0
                text2                              13CE     13CE       3E      426       0
                text1                              14B4     14B4       34      426       0
                text0                               B08      B08       FA      426       0
                cstackCOMRAM                          1        1       59        1       1
                bssBANK0                             60       60       20       60       1
                bssCOMRAM                            5A       5A        5        1       1
                cinit                              1574     1574       20      426       0

TOTAL           Name                               Link     Load   Length     Space
        CLASS   CODE           
                init                                  0        0        4         0
                text31                             10F0     10F0       A4         0
                text30                             127C     127C       58         0
                text29                             1328     1328       54         0
                text28                             151C     151C       32         0
                text27                             15AC     15AC       16         0
                text26                             154E     154E       26         0
                text25                             147E     147E       36         0
                text24                             15E0     15E0        8         0
                text23                             15D8     15D8        8         0
                text22                             15D0     15D0        8         0
                text21                             15C2     15C2        E         0
                text20                              C02      C02       DA         0
                text19                             1594     1594       18         0
                text18                             12D4     12D4       54         0
                text17                             121E     121E       5E         0
                text16                             137C     137C       52         0
                text15                              D9E      D9E       B2         0
                text14                              CDC      CDC       C2         0
                text13                              E50      E50       AE         0
                text12                             1448     1448       36         0
                text11                             104C     104C       A4         0
                text10                             14E8     14E8       34         0
                text9                              15E8     15E8        2         0
                text8                               EFE      EFE       AA         0
                text7                              140C     140C       3C         0
                text6                              1194     1194       8A         0
                text5                               84C      84C      164         0
                text4                               FA8      FA8       A4         0
                text3                               9B0      9B0      158         0
                text2                              13CE     13CE       3E         0
                text1                              14B4     14B4       34         0
                text0                               B08      B08       FA         0
                cinit                              1574     1574       20         0

        CLASS   CONST          

        CLASS   SMALLCONST     
                smallconst                          800      800       4C         0

        CLASS   MEDIUMCONST    

        CLASS   COMRAM         
                cstackCOMRAM                          1        1       59         1
                bssCOMRAM                            5A       5A        5         1

        CLASS   ABS1           

        CLASS   BIGRAM         

        CLASS   RAM            

        CLASS   BANK0          
                bssBANK0                             60       60       20         1

        CLASS   BANK1          

        CLASS   BANK2          

        CLASS   BANK3          

        CLASS   BANK4          

        CLASS   BANK5          

        CLASS   BANK6          

        CLASS   BANK7          

        CLASS   SFR            

        CLASS   BIGSFR         

        CLASS   CONFIG         
                config                           300000   300000        E         4

        CLASS   IDLOC          
                idloc                            200000   200000        8         5

        CLASS   EEDATA         

        CLASS   FARRAM         

        CLASS   HEAP           

        CLASS   STACK          



SEGMENTS        Name                           Load    Length   Top    Selector   Space  Class

                reset_vec                      000000  000004  000004         0       0  CODE    
                cstackCOMRAM                   000001  00005E  00005F         1       1  COMRAM  
                bssBANK0                       000060  000020  000080        60       1  BANK0   
                smallconst                     000800  00004C  00084C       400       0  SMALLCON
                text5                          00084C  000D9E  0015EA       426       0  CODE    


UNUSED ADDRESS RANGES

        Name                Unused          Largest block    Delta
        BANK0            000080-0000FF               80
        BANK1            000100-0001FF              100
        BANK2            000200-0002FF              100
        BANK3            000300-0003FF              100
        BANK4            000400-0004FF              100
        BANK5            000500-0005FF              100
        BANK6            000600-0006FF              100
        BANK7            000700-0007FF              100
        BIGRAM           00005F-00005F                1
                         000080-0007FF              780
        BIGSFR           000F60-000FFF               A0
        CODE             000004-0007FF              7FC
                         0015EA-007FFF             6A16
        COMRAM           00005F-00005F                1
        CONST            000004-0007FF              7FC
                         0015EA-007FFF             6A16
        EEDATA           F00000-F000FF              100
        MEDIUMCONST      0015EA-007FFF             6A16
        RAM              000080-0007FF              100
        SFR              000F60-000FFF               A0
        SMALLCONST       0015EA-007FFF              100

                                  Symbol Table

?_I2C_Master_Read                 cstackCOMRAM 000002
?___awdiv                         cstackCOMRAM 000001
?___awmod                         cstackCOMRAM 000001
?___lldiv                         cstackCOMRAM 000001
?_abs                             cstackCOMRAM 000007
?_read_prec_or_width              cstackCOMRAM 000001
?_sprintf                         cstackCOMRAM 00002D
?_vfprintf                        cstackCOMRAM 000029
BCD2DEC@val                       cstackCOMRAM 000002
DEC2BCD@val                       cstackCOMRAM 00000B
I2C_Master_Init@c                 cstackCOMRAM 00000E
I2C_Master_Read@a                 cstackCOMRAM 000002
I2C_Master_Read@temp              cstackCOMRAM 000004
I2C_Master_Write@d                cstackCOMRAM 00000C
LCD_Char@dat                      cstackCOMRAM 000002
LCD_Command@cmd                   cstackCOMRAM 000002
LCD_String@msg                    cstackCOMRAM 000003
LCD_String_xy@location            cstackCOMRAM 00000D
LCD_String_xy@msg                 cstackCOMRAM 000006
LCD_String_xy@pos                 cstackCOMRAM 000005
LCD_String_xy@row                 cstackCOMRAM 00000A
RTC_GetDateTime@day               cstackCOMRAM 000011
RTC_GetDateTime@hour              cstackCOMRAM 00000E
RTC_GetDateTime@min               cstackCOMRAM 00000F
RTC_GetDateTime@month             cstackCOMRAM 000012
RTC_GetDateTime@sec               cstackCOMRAM 000010
RTC_GetDateTime@year              cstackCOMRAM 000013
RTC_Init@sec                      cstackCOMRAM 000010
RTC_SetDateTime@d                 cstackCOMRAM 000010
RTC_SetDateTime@h                 cstackCOMRAM 000014
RTC_SetDateTime@m                 cstackCOMRAM 00000E
RTC_SetDateTime@mo                cstackCOMRAM 000011
RTC_SetDateTime@s                 cstackCOMRAM 00000F
RTC_SetDateTime@y                 cstackCOMRAM 000012
_ACKDT                            (abs)        007E2D
_ACKEN                            (abs)        007E2C
_ACKSTAT                          (abs)        007E2E
_ADCON1                           (abs)        000FC1
_BCD2DEC                          text27       0015AC
_DEC2BCD                          text12       001448
_I2C_Master_Init                  text30       00127C
_I2C_Master_Read                  text25       00147E
_I2C_Master_RepeatedStart         text24       0015E0
_I2C_Master_Start                 text23       0015D8
_I2C_Master_Stop                  text22       0015D0
_I2C_Master_Wait                  text26       00154E
_I2C_Master_Write                 text21       0015C2
_LATD                             (abs)        000F8C
_LATD0                            (abs)        007C60
_LATD1                            (abs)        007C61
_LCD_Char                         text18       0012D4
_LCD_Clear                        text19       001594
_LCD_Command                      text29       001328
_LCD_Init                         text28       00151C
_LCD_String                       text17       00121E
_LCD_String_xy                    text16       00137C
_LCD_String_xy$161                cstackCOMRAM 00000B
_OSCCONbits                       (abs)        000FD3
_PEN                              (abs)        007E2A
_RCEN                             (abs)        007E2B
_RSEN                             (abs)        007E29
_RTC_GetDateTime                  text20       000C02
_RTC_Init                         text15       000D9E
_RTC_SetDateTime                  text11       00104C
_SEN                              (abs)        007E28
_SSPADD                           (abs)        000FC8
_SSPBUF                           (abs)        000FC9
_SSPCON1                          (abs)        000FC6
_SSPCON2                          (abs)        000FC5
_SSPSTAT                          (abs)        000FC7
_TRISB0                           (abs)        007C98
_TRISB1                           (abs)        007C99
_TRISD                            (abs)        000F95
__HRAM                            (abs)        000000
__H__absolute__                   __absolute__ 000000
__Habs1                           abs1         000000
__Hbank0                          bank0        000000
__Hbank1                          bank1        000000
__Hbank2                          bank2        000000
__Hbank3                          bank3        000000
__Hbank4                          bank4        000000
__Hbank5                          bank5        000000
__Hbank6                          bank6        000000
__Hbank7                          bank7        000000
__Hbigbss                         bigbss       000000
__Hbigdata                        bigdata      000000
__Hbigram                         bigram       000000
__Hbigsfr                         bigsfr       000000
__Hbss                            bss          000000
__HbssBANK0                       bssBANK0     000000
__HbssCOMRAM                      bssCOMRAM    000000
__Hcinit                          cinit        000000
__Hclrtext                        clrtext      000000
__Hcomram                         comram       000000
__Hconfig                         config       30000E
__Hconst                          const        000000
__HcstackCOMRAM                   cstackCOMRAM 000000
__Hdata                           data         000000
__Heeprom_data                    eeprom_data  000000
__Hfarbss                         farbss       000000
__Hfardata                        fardata      000000
__Hheap                           heap         000000
__Hibigdata                       ibigdata     000000
__Hidata                          idata        000000
__Hidloc                          idloc        200008
__Hifardata                       ifardata     000000
__Hinit                           init         000004
__Hintcode                        intcode      000000
__Hintcode_body                   intcode_body 000000
__Hintcodelo                      intcodelo    000000
__Hintentry                       intentry     000000
__Hintret                         intret       000000
__Hintsave_regs                   intsave_regs 000000
__Hirdata                         irdata       000000
__Hmediumconst                    mediumconst  000000
__HnvFARRAM                       nvFARRAM     000000
__Hnvbit                          nvbit        000000
__Hnvrram                         nvrram       000000
__Hparam                          rparam       000000
__Hpowerup                        powerup      000000
__Hram                            ram          000000
__Hramtop                         ramtop       000800
__Hrbit                           rbit         000000
__Hrbss                           rbss         000000
__Hrdata                          rdata        000000
__Hreset_vec                      reset_vec    000000
__Hrparam                         rparam       000000
__Hsfr                            sfr          000000
__Hsivt_hi                        sivt_hi      000000
__Hsivt_lo                        sivt_lo      000000
__Hsmallconst                     smallconst   00084C
__Hspace_0                        (abs)        0015EA
__Hspace_1                        (abs)        000080
__Hspace_2                        (abs)        000000
__Hspace_4                        (abs)        60000E
__Hstack                          stack        000000
__Hstruct                         struct       000000
__Htemp                           temp         000000
__Htext                           text         000000
__Htext0                          text0        000000
__Htext1                          text1        000000
__Htext10                         text10       000000
__Htext11                         text11       000000
__Htext12                         text12       000000
__Htext13                         text13       000000
__Htext14                         text14       000000
__Htext15                         text15       000000
__Htext16                         text16       000000
__Htext17                         text17       000000
__Htext18                         text18       000000
__Htext19                         text19       000000
__Htext2                          text2        000000
__Htext20                         text20       000000
__Htext21                         text21       000000
__Htext22                         text22       000000
__Htext23                         text23       000000
__Htext24                         text24       000000
__Htext25                         text25       000000
__Htext26                         text26       000000
__Htext27                         text27       000000
__Htext28                         text28       000000
__Htext29                         text29       000000
__Htext3                          text3        000000
__Htext30                         text30       000000
__Htext31                         text31       000000
__Htext4                          text4        000000
__Htext5                          text5        000000
__Htext6                          text6        000000
__Htext7                          text7        000000
__Htext8                          text8        000000
__Htext9                          text9        000000
__LRAM                            (abs)        000001
__L__absolute__                   __absolute__ 000000
__Labs1                           abs1         000000
__Lbank0                          bank0        000000
__Lbank1                          bank1        000000
__Lbank2                          bank2        000000
__Lbank3                          bank3        000000
__Lbank4                          bank4        000000
__Lbank5                          bank5        000000
__Lbank6                          bank6        000000
__Lbank7                          bank7        000000
__Lbigbss                         bigbss       000000
__Lbigdata                        bigdata      000000
__Lbigram                         bigram       000000
__Lbigsfr                         bigsfr       000000
__Lbss                            bss          000000
__LbssBANK0                       bssBANK0     000000
__LbssCOMRAM                      bssCOMRAM    000000
__Lcinit                          cinit        000000
__Lclrtext                        clrtext      000000
__Lcomram                         comram       000000
__Lconfig                         config       000000
__Lconst                          const        000000
__LcstackCOMRAM                   cstackCOMRAM 000000
__Ldata                           data         000000
__Leeprom_data                    eeprom_data  000000
__Lfarbss                         farbss       000000
__Lfardata                        fardata      000000
__Lheap                           heap         000000
__Libigdata                       ibigdata     000000
__Lidata                          idata        000000
__Lidloc                          idloc        000000
__Lifardata                       ifardata     000000
__Linit                           init         000000
__Lintcode                        intcode      000000
__Lintcode_body                   intcode_body 000000
__Lintcodelo                      intcodelo    000000
__Lintentry                       intentry     000000
__Lintret                         intret       000000
__Lintsave_regs                   intsave_regs 000000
__Lirdata                         irdata       000000
__Lmediumconst                    mediumconst  000000
__LnvFARRAM                       nvFARRAM     000000
__Lnvbit                          nvbit        000000
__Lnvrram                         nvrram       000000
__Lparam                          rparam       000000
__Lpowerup                        powerup      000000
__Lram                            ram          000000
__Lramtop                         ramtop       000800
__Lrbit                           rbit         000000
__Lrbss                           rbss         000000
__Lrdata                          rdata        000000
__Lreset_vec                      reset_vec    000000
__Lrparam                         rparam       000000
__Lsfr                            sfr          000000
__Lsivt_hi                        sivt_hi      000000
__Lsivt_lo                        sivt_lo      000000
__Lsmallconst                     smallconst   000800
__Lspace_0                        (abs)        000000
__Lspace_1                        (abs)        000000
__Lspace_2                        (abs)        000000
__Lspace_4                        (abs)        000000
__Lstack                          stack        000000
__Lstruct                         struct       000000
__Ltemp                           temp         000000
__Ltext                           text         000000
__Ltext0                          text0        000000
__Ltext1                          text1        000000
__Ltext10                         text10       000000
__Ltext11                         text11       000000
__Ltext12                         text12       000000
__Ltext13                         text13       000000
__Ltext14                         text14       000000
__Ltext15                         text15       000000
__Ltext16                         text16       000000
__Ltext17                         text17       000000
__Ltext18                         text18       000000
__Ltext19                         text19       000000
__Ltext2                          text2        000000
__Ltext20                         text20       000000
__Ltext21                         text21       000000
__Ltext22                         text22       000000
__Ltext23                         text23       000000
__Ltext24                         text24       000000
__Ltext25                         text25       000000
__Ltext26                         text26       000000
__Ltext27                         text27       000000
__Ltext28                         text28       000000
__Ltext29                         text29       000000
__Ltext3                          text3        000000
__Ltext30                         text30       000000
__Ltext31                         text31       000000
__Ltext4                          text4        000000
__Ltext5                          text5        000000
__Ltext6                          text6        000000
__Ltext7                          text7        000000
__Ltext8                          text8        000000
__Ltext9                          text9        000000
__S0                              (abs)        0015EA
__S1                              (abs)        000080
__S4                              (abs)        000000
__S5                              (abs)        000000
___awdiv                          text14       000CDC
___awdiv@counter                  cstackCOMRAM 000005
___awdiv@dividend                 cstackCOMRAM 000001
___awdiv@divisor                  cstackCOMRAM 000003
___awdiv@quotient                 cstackCOMRAM 000007
___awdiv@sign                     cstackCOMRAM 000006
___awmod                          text13       000E50
___awmod@counter                  cstackCOMRAM 000005
___awmod@dividend                 cstackCOMRAM 000001
___awmod@divisor                  cstackCOMRAM 000003
___awmod@sign                     cstackCOMRAM 000006
___heap_hi                        (abs)        000000
___heap_lo                        (abs)        000000
___inthi_sp                       stack        000000
___inthi_stack_hi                 stack        000000
___inthi_stack_lo                 stack        000000
___intlo_sp                       stack        000000
___intlo_stack_hi                 stack        000000
___intlo_stack_lo                 stack        000000
___lldiv                          text31       0010F0
___lldiv@counter                  cstackCOMRAM 00000D
___lldiv@dividend                 cstackCOMRAM 000001
___lldiv@divisor                  cstackCOMRAM 000005
___lldiv@quotient                 cstackCOMRAM 000009
___param_bank                     (abs)        000000
___rparam_used                    (abs)        000001
___sp                             stack        000000
___stack_hi                       stack        000000
___stack_lo                       stack        000000
__accesstop                       (abs)        000060
__activetblptr                    (abs)        000002
__end_of_BCD2DEC                  text27       0015C2
__end_of_DEC2BCD                  text12       00147E
__end_of_I2C_Master_Init          text30       0012D4
__end_of_I2C_Master_Read          text25       0014B4
__end_of_I2C_Master_RepeatedStart text24       0015E8
__end_of_I2C_Master_Start         text23       0015E0
__end_of_I2C_Master_Stop          text22       0015D8
__end_of_I2C_Master_Wait          text26       001574
__end_of_I2C_Master_Write         text21       0015D0
__end_of_LCD_Char                 text18       001328
__end_of_LCD_Clear                text19       0015AC
__end_of_LCD_Command              text29       00137C
__end_of_LCD_Init                 text28       00154E
__end_of_LCD_String               text17       00127C
__end_of_LCD_String_xy            text16       0013CE
__end_of_RTC_GetDateTime          text20       000CDC
__end_of_RTC_Init                 text15       000E50
__end_of_RTC_SetDateTime          text11       0010F0
__end_of___awdiv                  text14       000D9E
__end_of___awmod                  text13       000EFE
__end_of___lldiv                  text31       001194
__end_of__initialization          cinit        00158A
__end_of_abs                      text10       00151C
__end_of_dtoa                     text5        0009B0
__end_of_fputc                    text8        000FA8
__end_of_fputs                    text7        001448
__end_of_main                     text0        000C02
__end_of_pad                      text6        00121E
__end_of_putch                    text9        0015EA
__end_of_read_prec_or_width       text4        00104C
__end_of_sprintf                  text1        0014E8
__end_of_vfpfcnvrt                text3        000B08
__end_of_vfprintf                 text2        00140C
__initialization                  cinit        001574
__mediumconst                     mediumconst  000000
__pbssBANK0                       bssBANK0     000060
__pbssCOMRAM                      bssCOMRAM    00005A
__pcinit                          cinit        001574
__pcstackCOMRAM                   cstackCOMRAM 000001
__psmallconst                     smallconst   000800
__ptext0                          text0        000B08
__ptext1                          text1        0014B4
__ptext10                         text10       0014E8
__ptext11                         text11       00104C
__ptext12                         text12       001448
__ptext13                         text13       000E50
__ptext14                         text14       000CDC
__ptext15                         text15       000D9E
__ptext16                         text16       00137C
__ptext17                         text17       00121E
__ptext18                         text18       0012D4
__ptext19                         text19       001594
__ptext2                          text2        0013CE
__ptext20                         text20       000C02
__ptext21                         text21       0015C2
__ptext22                         text22       0015D0
__ptext23                         text23       0015D8
__ptext24                         text24       0015E0
__ptext25                         text25       00147E
__ptext26                         text26       00154E
__ptext27                         text27       0015AC
__ptext28                         text28       00151C
__ptext29                         text29       001328
__ptext3                          text3        0009B0
__ptext30                         text30       00127C
__ptext31                         text31       0010F0
__ptext4                          text4        000FA8
__ptext5                          text5        00084C
__ptext6                          text6        001194
__ptext7                          text7        00140C
__ptext8                          text8        000EFE
__ptext9                          text9        0015E8
__ramtop                          ramtop       000800
__smallconst                      smallconst   000800
_abs                              text10       0014E8
_dbuf                             bssBANK0     000060
_dtoa                             text5        00084C
_dtoa$761                         cstackCOMRAM 000018
_flags                            bssCOMRAM    00005E
_fputc                            text8        000EFE
_fputs                            text7        00140C
_main                             text0        000B08
_pad                              text6        001194
_prec                             bssCOMRAM    00005C
_putch                            text9        0015E8
_read_prec_or_width               text4        000FA8
_sprintf                          text1        0014B4
_vfpfcnvrt                        text3        0009B0
_vfprintf                         text2        0013CE
_width                            bssCOMRAM    00005A
abs@a                             cstackCOMRAM 000007
dtoa@d                            cstackCOMRAM 000016
dtoa@fp                           cstackCOMRAM 000015
dtoa@i                            cstackCOMRAM 00001E
dtoa@p                            cstackCOMRAM 00001A
dtoa@s                            cstackCOMRAM 00001D
dtoa@w                            cstackCOMRAM 00001B
end_of_initialization             cinit        00158A
fputc@c                           cstackCOMRAM 000001
fputc@fp                          cstackCOMRAM 000003
fputs@c                           cstackCOMRAM 00000B
fputs@fp                          cstackCOMRAM 00000A
fputs@i                           cstackCOMRAM 00000C
fputs@s                           cstackCOMRAM 000009
intlevel0                         text         000000
intlevel1                         text         000000
intlevel2                         text         000000
intlevel3                         text         000000
isa$std                           (abs)        000001
isa$xinst                         (abs)        000000
main@buffer                       cstackCOMRAM 000043
main@d                            cstackCOMRAM 000057
main@h                            cstackCOMRAM 000054
main@m                            cstackCOMRAM 000055
main@mo                           cstackCOMRAM 000058
main@s                            cstackCOMRAM 000056
main@y                            cstackCOMRAM 000059
pad@buf                           cstackCOMRAM 00000F
pad@fp                            cstackCOMRAM 00000E
pad@i                             cstackCOMRAM 000013
pad@p                             cstackCOMRAM 000010
read_prec_or_width@ap             cstackCOMRAM 000002
read_prec_or_width@c              cstackCOMRAM 000005
read_prec_or_width@fmt            cstackCOMRAM 000001
read_prec_or_width@n              cstackCOMRAM 000006
sprintf@ap                        cstackCOMRAM 000035
sprintf@f                         cstackCOMRAM 000036
sprintf@fmt                       cstackCOMRAM 00002E
sprintf@s                         cstackCOMRAM 00002D
stackhi                           (abs)        000000
stacklo                           (abs)        000000
start                             init         000000
start_initialization              cinit        001574
vfpfcnvrt@ap                      cstackCOMRAM 000022
vfpfcnvrt@convarg                 cstackCOMRAM 000023
vfpfcnvrt@cp                      cstackCOMRAM 000028
vfpfcnvrt@done                    cstackCOMRAM 000027
vfpfcnvrt@fmt                     cstackCOMRAM 000021
vfpfcnvrt@fp                      cstackCOMRAM 000020
vfprintf@ap                       cstackCOMRAM 00002B
vfprintf@cfmt                     cstackCOMRAM 00002C
vfprintf@fmt                      cstackCOMRAM 00002A
vfprintf@fp                       cstackCOMRAM 000029


MODULE INFORMATION

Module		Function		Class		Link	Load	Size
C:\Program Files\Microchip\xc8\v2.50\pic\sources\c99\common\nf_fputs.c
		_fputs         		CODE           	140C	0000	60

C:\Program Files\Microchip\xc8\v2.50\pic\sources\c99\common\nf_fputs.c estimated size: 60

i2c.c
		_I2C_Master_Read		CODE           	147E	0000	54
		_I2C_Master_Wait		CODE           	154E	0000	38
		_I2C_Master_Init		CODE           	127C	0000	88
		_I2C_Master_Stop		CODE           	15D0	0000	8
		_I2C_Master_RepeatedStart		CODE           	15E0	0000	8
		_I2C_Master_Write		CODE           	15C2	0000	14
		_I2C_Master_Start		CODE           	15D8	0000	8

i2c.c estimated size: 218

C:\Program Files\Microchip\xc8\v2.50\pic\sources\c99\common\awmod.c
		___awmod       		CODE           	0E50	0000	174

C:\Program Files\Microchip\xc8\v2.50\pic\sources\c99\common\awmod.c estimated size: 174

C:\Program Files\Microchip\xc8\v2.50\pic\sources\c99\common\putch.c
		_putch         		CODE           	15E8	0000	2

C:\Program Files\Microchip\xc8\v2.50\pic\sources\c99\common\putch.c estimated size: 2

C:\Program Files\Microchip\xc8\v2.50\pic\sources\c99\common\abs.c
		_abs           		CODE           	14E8	0000	52

C:\Program Files\Microchip\xc8\v2.50\pic\sources\c99\common\abs.c estimated size: 52

ds1307.c
		_RTC_GetDateTime		CODE           	0C02	0000	218
		_RTC_SetDateTime		CODE           	104C	0000	164
		_RTC_Init      		CODE           	0D9E	0000	178
		_DEC2BCD       		CODE           	1448	0000	54
		_BCD2DEC       		CODE           	15AC	0000	22

ds1307.c estimated size: 636

C:\Program Files\Microchip\xc8\v2.50\pic\sources\c99\common\__lldiv.c
		___lldiv       		CODE           	10F0	0000	164

C:\Program Files\Microchip\xc8\v2.50\pic\sources\c99\common\__lldiv.c estimated size: 164

C:\Program Files\Microchip\xc8\v2.50\pic\sources\c99\common\nf_sprintf.c
		_sprintf       		CODE           	14B4	0000	52

C:\Program Files\Microchip\xc8\v2.50\pic\sources\c99\common\nf_sprintf.c estimated size: 52

C:\Program Files\Microchip\xc8\v2.50\pic\sources\c99\common\nf_fputc.c
		_fputc         		CODE           	0EFE	0000	170

C:\Program Files\Microchip\xc8\v2.50\pic\sources\c99\common\nf_fputc.c estimated size: 170

shared
		__initialization		CODE           	1574	0000	22

shared estimated size: 22

C:\Program Files\Microchip\xc8\v2.50\pic\sources\c99\common\awdiv.c
		___awdiv       		CODE           	0CDC	0000	194

C:\Program Files\Microchip\xc8\v2.50\pic\sources\c99\common\awdiv.c estimated size: 194

C:\Program Files\Microchip\xc8\v2.50\pic\sources\c99\common\doprnt.c
		_read_prec_or_width		CODE           	0FA8	0000	164
		_vfpfcnvrt     		CODE           	09B0	0000	344
		_pad           		CODE           	1194	0000	138
		_dtoa          		CODE           	084C	0000	356
		_vfprintf      		CODE           	13CE	0000	62

C:\Program Files\Microchip\xc8\v2.50\pic\sources\c99\common\doprnt.c estimated size: 1064

main.c
		_main          		CODE           	0B08	0000	250

main.c estimated size: 250

LCD.c
		_LCD_String    		CODE           	121E	0000	94
		_LCD_Init      		CODE           	151C	0000	50
		_LCD_Command   		CODE           	1328	0000	84
		_LCD_String_xy 		CODE           	137C	0000	82
		_LCD_Char      		CODE           	12D4	0000	84
		_LCD_Clear     		CODE           	1594	0000	24

LCD.c estimated size: 418

